Component: ARM Compiler 5.06 update 7 (build 960) Tool: armlink [4d3601]

==============================================================================

Section Cross References

    startup_stm32f103xb.o(STACK) refers (Special) to heapauxi.o(.text) for __use_two_region_memory
    startup_stm32f103xb.o(HEAP) refers (Special) to heapauxi.o(.text) for __use_two_region_memory
    startup_stm32f103xb.o(RESET) refers (Special) to heapauxi.o(.text) for __use_two_region_memory
    startup_stm32f103xb.o(RESET) refers to startup_stm32f103xb.o(STACK) for __initial_sp
    startup_stm32f103xb.o(RESET) refers to startup_stm32f103xb.o(.text) for Reset_Handler
    startup_stm32f103xb.o(RESET) refers to stm32f1xx_it.o(i.NMI_Handler) for NMI_Handler
    startup_stm32f103xb.o(RESET) refers to stm32f1xx_it.o(i.HardFault_Handler) for HardFault_Handler
    startup_stm32f103xb.o(RESET) refers to stm32f1xx_it.o(i.MemManage_Handler) for MemManage_Handler
    startup_stm32f103xb.o(RESET) refers to stm32f1xx_it.o(i.BusFault_Handler) for BusFault_Handler
    startup_stm32f103xb.o(RESET) refers to stm32f1xx_it.o(i.UsageFault_Handler) for UsageFault_Handler
    startup_stm32f103xb.o(RESET) refers to port.o(.emb_text) for SVC_Handler
    startup_stm32f103xb.o(RESET) refers to stm32f1xx_it.o(i.DebugMon_Handler) for DebugMon_Handler
    startup_stm32f103xb.o(RESET) refers to stm32f1xx_it.o(i.SysTick_Handler) for SysTick_Handler
    startup_stm32f103xb.o(RESET) refers to stm32f1xx_it.o(i.DMA1_Channel4_IRQHandler) for DMA1_Channel4_IRQHandler
    startup_stm32f103xb.o(RESET) refers to stm32f1xx_it.o(i.TIM1_UP_IRQHandler) for TIM1_UP_IRQHandler
    startup_stm32f103xb.o(RESET) refers to stm32f1xx_it.o(i.TIM2_IRQHandler) for TIM2_IRQHandler
    startup_stm32f103xb.o(RESET) refers to stm32f1xx_it.o(i.TIM3_IRQHandler) for TIM3_IRQHandler
    startup_stm32f103xb.o(RESET) refers to stm32f1xx_it.o(i.TIM4_IRQHandler) for TIM4_IRQHandler
    startup_stm32f103xb.o(RESET) refers to stm32f1xx_it.o(i.USART1_IRQHandler) for USART1_IRQHandler
    startup_stm32f103xb.o(.text) refers (Special) to heapauxi.o(.text) for __use_two_region_memory
    startup_stm32f103xb.o(.text) refers to system_stm32f1xx.o(i.SystemInit) for SystemInit
    startup_stm32f103xb.o(.text) refers to __main.o(!!!main) for __main
    startup_stm32f103xb.o(.text) refers to startup_stm32f103xb.o(HEAP) for Heap_Mem
    startup_stm32f103xb.o(.text) refers to startup_stm32f103xb.o(STACK) for Stack_Mem
    main.o(i.HAL_UART_RxCpltCallback) refers to stm32f1xx_hal_uart.o(i.HAL_UART_Receive_IT) for HAL_UART_Receive_IT
    main.o(i.HAL_UART_RxCpltCallback) refers to rt_memcpy_v6.o(.text) for __aeabi_memcpy
    main.o(i.HAL_UART_RxCpltCallback) refers to rt_memclr.o(.text) for __aeabi_memclr
    main.o(i.HAL_UART_RxCpltCallback) refers to usart.o(.bss) for huart1
    main.o(i.HAL_UART_RxCpltCallback) refers to main.o(.data) for .data
    main.o(i.HAL_UART_RxCpltCallback) refers to main.o(.bss) for .bss
    main.o(i.SystemClock_Config) refers to rt_memclr_w.o(.text) for __aeabi_memclr4
    main.o(i.SystemClock_Config) refers to stm32f1xx_hal_rcc.o(i.HAL_RCC_OscConfig) for HAL_RCC_OscConfig
    main.o(i.SystemClock_Config) refers to stm32f1xx_hal_rcc.o(i.HAL_RCC_ClockConfig) for HAL_RCC_ClockConfig
    main.o(i.SystemClock_Config) refers to stm32f1xx_hal_rcc_ex.o(i.HAL_RCCEx_PeriphCLKConfig) for HAL_RCCEx_PeriphCLKConfig
    main.o(i.main) refers to stm32f1xx_hal.o(i.HAL_Init) for HAL_Init
    main.o(i.main) refers to main.o(i.SystemClock_Config) for SystemClock_Config
    main.o(i.main) refers to gpio.o(i.MX_GPIO_Init) for MX_GPIO_Init
    main.o(i.main) refers to dma.o(i.MX_DMA_Init) for MX_DMA_Init
    main.o(i.main) refers to tim.o(i.MX_TIM2_Init) for MX_TIM2_Init
    main.o(i.main) refers to i2c.o(i.MX_I2C1_Init) for MX_I2C1_Init
    main.o(i.main) refers to usart.o(i.MX_USART1_UART_Init) for MX_USART1_UART_Init
    main.o(i.main) refers to spi.o(i.MX_SPI1_Init) for MX_SPI1_Init
    main.o(i.main) refers to tim.o(i.MX_TIM3_Init) for MX_TIM3_Init
    main.o(i.main) refers to tim.o(i.MX_TIM1_Init) for MX_TIM1_Init
    main.o(i.main) refers to adc.o(i.MX_ADC1_Init) for MX_ADC1_Init
    main.o(i.main) refers to tim.o(i.MX_TIM4_Init) for MX_TIM4_Init
    main.o(i.main) refers to encoder.o(i.Motor_Init) for Motor_Init
    main.o(i.main) refers to stm32f1xx_hal_uart.o(i.HAL_UART_Receive_IT) for HAL_UART_Receive_IT
    main.o(i.main) refers to stm32f1xx_hal_tim.o(i.HAL_TIM_PWM_Start) for HAL_TIM_PWM_Start
    main.o(i.main) refers to stm32f1xx_hal_gpio.o(i.HAL_GPIO_WritePin) for HAL_GPIO_WritePin
    main.o(i.main) refers to freertos.o(i.MX_FREERTOS_Init) for MX_FREERTOS_Init
    main.o(i.main) refers to cmsis_os.o(i.osKernelStart) for osKernelStart
    main.o(i.main) refers to main.o(.data) for .data
    main.o(i.main) refers to usart.o(.bss) for huart1
    main.o(i.main) refers to tim.o(.bss) for htim2
[...]
    mpu_get_gyro_sens                        0x08008e9d   Thumb Code    44  inv_mpu.o(i.mpu_get_gyro_sens)
    mpu_get_lpf                              0x08008edd   Thumb Code    52  inv_mpu.o(i.mpu_get_lpf)
    mpu_get_sample_rate                      0x08008f15   Thumb Code    22  inv_mpu.o(i.mpu_get_sample_rate)
    mpu_init                                 0x08008f31   Thumb Code   216  inv_mpu.o(i.mpu_init)
    mpu_load_firmware                        0x08009019   Thumb Code   214  inv_mpu.o(i.mpu_load_firmware)
    mpu_lp_accel_mode                        0x0800910d   Thumb Code   180  inv_mpu.o(i.mpu_lp_accel_mode)
    mpu_read_fifo_stream                     0x080091c5   Thumb Code   140  inv_mpu.o(i.mpu_read_fifo_stream)
    mpu_read_mem                             0x08009255   Thumb Code    78  inv_mpu.o(i.mpu_read_mem)
    mpu_reset_fifo                           0x080092a9   Thumb Code   346  inv_mpu.o(i.mpu_reset_fifo)
    mpu_run_self_test                        0x08009409   Thumb Code   152  inv_mpu.o(i.mpu_run_self_test)
    mpu_set_accel_fsr                        0x080094a5   Thumb Code    98  inv_mpu.o(i.mpu_set_accel_fsr)
    mpu_set_bypass                           0x0800950d   Thumb Code   214  inv_mpu.o(i.mpu_set_bypass)
    mpu_set_dmp_state                        0x080095e9   Thumb Code   114  inv_mpu.o(i.mpu_set_dmp_state)
    mpu_set_gyro_fsr                         0x08009661   Thumb Code   104  inv_mpu.o(i.mpu_set_gyro_fsr)
    mpu_set_int_latched                      0x080096cd   Thumb Code    94  inv_mpu.o(i.mpu_set_int_latched)
    mpu_set_lpf                              0x08009731   Thumb Code   102  inv_mpu.o(i.mpu_set_lpf)
    mpu_set_sample_rate                      0x0800979d   Thumb Code   124  inv_mpu.o(i.mpu_set_sample_rate)
    mpu_set_sensors                          0x0800981d   Thumb Code   178  inv_mpu.o(i.mpu_set_sensors)
    mpu_write_mem                            0x080098d5   Thumb Code    80  inv_mpu.o(i.mpu_write_mem)
    osDelay                                  0x08009929   Thumb Code    16  cmsis_os.o(i.osDelay)
    osKernelStart                            0x08009939   Thumb Code    10  cmsis_os.o(i.osKernelStart)
    osThreadCreate                           0x08009943   Thumb Code    92  cmsis_os.o(i.osThreadCreate)
    pvPortMalloc                             0x08009d39   Thumb Code   218  heap_4.o(i.pvPortMalloc)
    pxPortInitialiseStack                    0x08009e1d   Thumb Code    30  port.o(i.pxPortInitialiseStack)
    run_self_test                            0x08009e41   Thumb Code   128  inv_mpu.o(i.run_self_test)
    sqrt                                     0x08009f19   Thumb Code    76  sqrt.o(i.sqrt)
    usart_ros                                0x08009f65   Thumb Code    78  freertos.o(i.usart_ros)
    uxListRemove                             0x08009fdd   Thumb Code    38  list.o(i.uxListRemove)
    vApplicationGetIdleTaskMemory            0x0800a005   Thumb Code    16  freertos.o(i.vApplicationGetIdleTaskMemory)
    vListInitialise                          0x0800a019   Thumb Code    22  list.o(i.vListInitialise)
    vListInitialiseItem                      0x0800a02f   Thumb Code     6  list.o(i.vListInitialiseItem)
    vListInsert                              0x0800a035   Thumb Code    54  list.o(i.vListInsert)
    vListInsertEnd                           0x0800a06b   Thumb Code    24  list.o(i.vListInsertEnd)
    vPortEnterCritical                       0x0800a085   Thumb Code    54  port.o(i.vPortEnterCritical)
    vPortExitCritical                        0x0800a0c5   Thumb Code    38  port.o(i.vPortExitCritical)
    vPortFree                                0x0800a0f1   Thumb Code    88  heap_4.o(i.vPortFree)
    vPortSetupTimerInterrupt                 0x0800a14d   Thumb Code    32  port.o(i.vPortSetupTimerInterrupt)
    vTaskDelay                               0x0800a171   Thumb Code    70  tasks.o(i.vTaskDelay)
    vTaskStartScheduler                      0x0800a1c1   Thumb Code   120  tasks.o(i.vTaskStartScheduler)
    vTaskSuspendAll                          0x0800a249   Thumb Code    10  tasks.o(i.vTaskSuspendAll)
    vTaskSwitchContext                       0x0800a259   Thumb Code    86  tasks.o(i.vTaskSwitchContext)
    xPortStartScheduler                      0x0800a2b9   Thumb Code   168  port.o(i.xPortStartScheduler)
    xPortSysTickHandler                      0x0800a36d   Thumb Code    38  port.o(i.xPortSysTickHandler)
    xTaskCreate                              0x0800a399   Thumb Code   108  tasks.o(i.xTaskCreate)
    xTaskCreateStatic                        0x0800a405   Thumb Code    96  tasks.o(i.xTaskCreateStatic)
    xTaskGetSchedulerState                   0x0800a465   Thumb Code    24  tasks.o(i.xTaskGetSchedulerState)
    xTaskIncrementTick                       0x0800a481   Thumb Code   200  tasks.o(i.xTaskIncrementTick)
    xTaskResumeAll                           0x0800a551   Thumb Code   190  tasks.o(i.xTaskResumeAll)
    _get_lc_numeric                          0x0800a61d   Thumb Code    44  lc_numeric_c.o(locale$$code)
    _get_lc_ctype                            0x0800a649   Thumb Code    44  lc_ctype_c.o(locale$$code)
    __aeabi_d2f                              0x0800a675   Thumb Code     0  d2f.o(x$fpl$d2f)
    _d2f                                     0x0800a675   Thumb Code    98  d2f.o(x$fpl$d2f)
    __aeabi_dadd                             0x0800a6d9   Thumb Code     0  daddsub_clz.o(x$fpl$dadd)
    _dadd                                    0x0800a6d9   Thumb Code   332  daddsub_clz.o(x$fpl$dadd)
    __fpl_dcheck_NaN1                        0x0800a829   Thumb Code    10  dcheck1.o(x$fpl$dcheck1)
    __fpl_dcmp_Inf                           0x0800a839   Thumb Code    24  dcmpi.o(x$fpl$dcmpinf)
    __aeabi_ddiv                             0x0800a851   Thumb Code     0  ddiv.o(x$fpl$ddiv)
    _ddiv                                    0x0800a851   Thumb Code   552  ddiv.o(x$fpl$ddiv)
    __aeabi_cdcmpeq                          0x0800ab01   Thumb Code     0  deqf.o(x$fpl$deqf)
    _dcmpeq                                  0x0800ab01   Thumb Code   120  deqf.o(x$fpl$deqf)
    __aeabi_d2iz                             0x0800ab79   Thumb Code     0  dfix.o(x$fpl$dfix)
    _dfix                                    0x0800ab79   Thumb Code    94  dfix.o(x$fpl$dfix)
    __aeabi_i2d                              0x0800abd7   Thumb Code     0  dflt_clz.o(x$fpl$dflt)
    _dflt                                    0x0800abd7   Thumb Code    46  dflt_clz.o(x$fpl$dflt)
    __aeabi_ui2d                             0x0800ac05   Thumb Code     0  dflt_clz.o(x$fpl$dfltu)
    _dfltu                                   0x0800ac05   Thumb Code    38  dflt_clz.o(x$fpl$dfltu)
    __aeabi_cdcmple                          0x0800ac2d   Thumb Code     0  dleqf.o(x$fpl$dleqf)
    _dcmple                                  0x0800ac2d   Thumb Code   120  dleqf.o(x$fpl$dleqf)
    __fpl_dcmple_InfNaN                      0x0800ac8f   Thumb Code     0  dleqf.o(x$fpl$dleqf)
    __aeabi_dmul                             0x0800aca5   Thumb Code     0  dmul.o(x$fpl$dmul)
    _dmul                                    0x0800aca5   Thumb Code   332  dmul.o(x$fpl$dmul)
    __fpl_dnaninf                            0x0800adf9   Thumb Code   156  dnaninf.o(x$fpl$dnaninf)
    __fpl_dretinf                            0x0800ae95   Thumb Code    12  dretinf.o(x$fpl$dretinf)
    __aeabi_cdrcmple                         0x0800aea1   Thumb Code     0  drleqf.o(x$fpl$drleqf)
    _drcmple                                 0x0800aea1   Thumb Code   108  drleqf.o(x$fpl$drleqf)
    __aeabi_drsub                            0x0800af0d   Thumb Code     0  daddsub_clz.o(x$fpl$drsb)
    _drsb                                    0x0800af0d   Thumb Code    22  daddsub_clz.o(x$fpl$drsb)
    _dsqrt                                   0x0800af25   Thumb Code   456  dsqrt_noumaal.o(x$fpl$dsqrt)
    __aeabi_dsub                             0x0800b0f1   Thumb Code     0  daddsub_clz.o(x$fpl$dsub)
    _dsub                                    0x0800b0f1   Thumb Code   464  daddsub_clz.o(x$fpl$dsub)
    __aeabi_f2d                              0x0800b2c5   Thumb Code     0  f2d.o(x$fpl$f2d)
    _f2d                                     0x0800b2c5   Thumb Code    86  f2d.o(x$fpl$f2d)
    __aeabi_fadd                             0x0800b31d   Thumb Code     0  faddsub_clz.o(x$fpl$fadd)
    _fadd                                    0x0800b31d   Thumb Code   196  faddsub_clz.o(x$fpl$fadd)
    __fpl_fcheck_NaN1                        0x0800b3e1   Thumb Code     6  fcheck1.o(x$fpl$fcheck1)
    __aeabi_fdiv                             0x0800b3ed   Thumb Code     0  fdiv.o(x$fpl$fdiv)
    _fdiv                                    0x0800b3ed   Thumb Code   384  fdiv.o(x$fpl$fdiv)
    __aeabi_f2iz                             0x0800b571   Thumb Code     0  ffix.o(x$fpl$ffix)
    _ffix                                    0x0800b571   Thumb Code    54  ffix.o(x$fpl$ffix)
    __aeabi_f2uiz                            0x0800b5a9   Thumb Code     0  ffixu.o(x$fpl$ffixu)
    _ffixu                                   0x0800b5a9   Thumb Code    62  ffixu.o(x$fpl$ffixu)
    __aeabi_i2f                              0x0800b5e9   Thumb Code     0  fflt_clz.o(x$fpl$fflt)
    _fflt                                    0x0800b5e9   Thumb Code    48  fflt_clz.o(x$fpl$fflt)
    __aeabi_ui2f                             0x0800b619   Thumb Code     0  fflt_clz.o(x$fpl$ffltu)
    _ffltu                                   0x0800b619   Thumb Code    38  fflt_clz.o(x$fpl$ffltu)
    __aeabi_fmul                             0x0800b641   Thumb Code     0  fmul.o(x$fpl$fmul)
    _fmul                                    0x0800b641   Thumb Code   258  fmul.o(x$fpl$fmul)
    __fpl_fnaninf                            0x0800b743   Thumb Code   140  fnaninf.o(x$fpl$fnaninf)
    __fpl_fretinf                            0x0800b7cf   Thumb Code    10  fretinf.o(x$fpl$fretinf)
    __aeabi_frsub                            0x0800b7d9   Thumb Code     0  faddsub_clz.o(x$fpl$frsb)
    _frsb                                    0x0800b7d9   Thumb Code    20  faddsub_clz.o(x$fpl$frsb)
    __aeabi_fsub                             0x0800b7ed   Thumb Code     0  faddsub_clz.o(x$fpl$fsub)
    _fsub                                    0x0800b7ed   Thumb Code   234  faddsub_clz.o(x$fpl$fsub)
    __ieee_status                            0x0800b8d7   Thumb Code     6  istatus.o(x$fpl$ieeestatus)
    _printf_fp_dec                           0x0800b8dd   Thumb Code     4  printf1.o(x$fpl$printf1)
    _printf_fp_hex                           0x0800b8e1   Thumb Code     4  printf2.o(x$fpl$printf2)
    __fpl_return_NaN                         0x0800b8e5   Thumb Code   100  retnan.o(x$fpl$retnan)
    __ARM_scalbn                             0x0800b949   Thumb Code    92  scalbn.o(x$fpl$scalbn)
    __ARM_scalbnf                            0x0800b9a5   Thumb Code    76  scalbnf.o(x$fpl$scalbnf)
    _scanf_real                              0x0800b9f1   Thumb Code     4  scanf1.o(x$fpl$scanf1)
    _scanf_hex_real                          0x0800b9f5   Thumb Code     4  scanf2.o(x$fpl$scanf2)
    _scanf_infnan                            0x0800b9f9   Thumb Code     4  scanf2.o(x$fpl$scanf2)
    __fpl_cmpreturn                          0x0800b9fd   Thumb Code    48  trapv.o(x$fpl$trapveneer)
    __I$use$fp                               0x0800ba2c   Number         0  usenofp.o(x$fpl$usenofp)
    AHBPrescTable                            0x0800baf8   Data          16  system_stm32f1xx.o(.constdata)
    APBPrescTable                            0x0800bb08   Data           8  system_stm32f1xx.o(.constdata)
    reg                                      0x0800bb10   Data          30  inv_mpu.o(.constdata)
    hw                                       0x0800bb2e   Data          12  inv_mpu.o(.constdata)
    test                                     0x0800bb3c   Data          40  inv_mpu.o(.constdata)
    asc2_1206                                0x0800c75a   Data        1140  oled.o(.constdata)
    asc2_1608                                0x0800cbce   Data        1520  oled.o(.constdata)
    asc2_2412                                0x0800d1be   Data        3420  oled.o(.constdata)
    __mathlib_zero                           0x0800e048   Data           8  qnan.o(.constdata)
    Region$$Table$$Base                      0x0800e144   Number         0  anon$$obj.o(Region$$Table)
    Region$$Table$$Limit                     0x0800e164   Number         0  anon$$obj.o(Region$$Table)
    __aeabi_HUGE_VAL                         0x0800e164   Data           0  fpconst.o(c$$dinf)
    __aeabi_HUGE_VALL                        0x0800e164   Data           0  fpconst.o(c$$dinf)
    __aeabi_INFINITY                         0x0800e164   Data           0  fpconst.o(c$$dinf)
    __dInf                                   0x0800e164   Data           0  fpconst.o(c$$dinf)
    __huge_val                               0x0800e164   Data           0  fpconst.o(c$$dinf)
    __dbl_max                                0x0800e16c   Data           0  fpconst.o(c$$dmax)
    __ctype                                  0x0800e19d   Data           0  lc_ctype_c.o(locale$$data)
    point                                    0x20000000   Data           1  main.o(.data)
    start_flag                               0x20000001   Data           1  main.o(.data)
    flag                                     0x20000002   Data           1  main.o(.data)
    pre_rec_buf                              0x20000003   Data           1  main.o(.data)
    uart_tx_ready                            0x20000004   Data           1  main.o(.data)
    pitch                                    0x20000008   Data           4  freertos.o(.data)
    roll                                     0x2000000c   Data           4  freertos.o(.data)
    load_sign                                0x20000010   Data           4  freertos.o(.data)
    wl                                       0x20000014   Data           4  freertos.o(.data)
    wr                                       0x20000018   Data           4  freertos.o(.data)
    i1                                       0x2000001c   Data           4  freertos.o(.data)
    le1                                      0x20000020   Data           4  freertos.o(.data)
    i2                                       0x20000024   Data           4  freertos.o(.data)
    le2                                      0x20000028   Data           4  freertos.o(.data)
    err_wheel1                               0x2000002c   Data           4  freertos.o(.data)
    err_wheel2                               0x20000030   Data           4  freertos.o(.data)
    max_pwm                                  0x20000034   Data           4  freertos.o(.data)
    v                                        0x20000038   Data           4  freertos.o(.data)
    w                                        0x2000003c   Data           4  freertos.o(.data)
    xi                                       0x20000040   Data           4  freertos.o(.data)
    sao                                      0x20000044   Data           4  freertos.o(.data)
    no_Ground                                0x20000048   Data           4  freertos.o(.data)
    mpu_state                                0x2000004c   Data           4  freertos.o(.data)
    ax                                       0x20000050   Data           4  freertos.o(.data)
    ay                                       0x20000054   Data           4  freertos.o(.data)
    az                                       0x20000058   Data           4  freertos.o(.data)
    gx                                       0x2000005c   Data           4  freertos.o(.data)
    gy                                       0x20000060   Data           4  freertos.o(.data)
    gz                                       0x20000064   Data           4  freertos.o(.data)
    gyro_bias_x                              0x20000068   Data           4  freertos.o(.data)
    gyro_bias_y                              0x2000006c   Data           4  freertos.o(.data)
    gyro_bias_z                              0x20000070   Data           4  freertos.o(.data)
    accel_bias_x                             0x20000074   Data           4  freertos.o(.data)
    accel_bias_y                             0x20000078   Data           4  freertos.o(.data)
    sum_ax                                   0x2000007c   Data           4  freertos.o(.data)
    sum_ay                                   0x20000080   Data           4  freertos.o(.data)
    g_to_mps2                                0x20000084   Data           4  freertos.o(.data)
    symmetry_k                               0x20000088   Data           4  freertos.o(.data)
    yaw                                      0x2000008c   Data           4  freertos.o(.data)
    adcValue                                 0x20000090   Data           4  freertos.o(.data)
    V                                        0x20000094   Data           4  freertos.o(.data)
    pwmTaskHandle                            0x20000098   Data           4  freertos.o(.data)
    mpuTaskHandle                            0x2000009c   Data           4  freertos.o(.data)
    oledTaskHandle                           0x200000a0   Data           4  freertos.o(.data)
    Usart_rosHandle                          0x200000a4   Data           4  freertos.o(.data)
    MOTO1Handle                              0x200000a8   Data           4  freertos.o(.data)
    MOTO2Handle                              0x200000ac   Data           4  freertos.o(.data)
    __stdout                                 0x200000b0   Data           4  usart.o(.data)
    uwTickFreq                               0x200000b4   Data           1  stm32f1xx_hal.o(.data)
    uwTickPrio                               0x200000b8   Data           4  stm32f1xx_hal.o(.data)
    uwTick                                   0x200000bc   Data           4  stm32f1xx_hal.o(.data)
    SystemCoreClock                          0x200000c0   Data           4  system_stm32f1xx.o(.data)
    pxCurrentTCB                             0x200000c4   Data           4  tasks.o(.data)
    conut                                    0x20000159   Data           1  encoder.o(.data)
    Rx_Buf                                   0x2000015c   Data          50  main.o(.bss)
    Buffer                                   0x2000018e   Data          50  main.o(.bss)
    tx_Buffer                                0x2000041c   Data          64  freertos.o(.bss)
    hadc1                                    0x2000045c   Data          48  adc.o(.bss)
    hi2c1                                    0x2000048c   Data          84  i2c.o(.bss)
    hspi1                                    0x200004e0   Data          88  spi.o(.bss)
    htim1                                    0x20000538   Data          72  tim.o(.bss)
    htim2                                    0x20000580   Data          72  tim.o(.bss)
    htim3                                    0x200005c8   Data          72  tim.o(.bss)
    htim4                                    0x20000610   Data          72  tim.o(.bss)
    huart1                                   0x20000658   Data          72  usart.o(.bss)
    hdma_usart1_tx                           0x200006a0   Data          68  usart.o(.bss)
    OLED_GRAM                                0x20002fe4   Data        1152  oled.o(.bss)
    speed_Record_A                           0x20003464   Data          80  encoder.o(.bss)
    speed_Record_B                           0x200034b4   Data          80  encoder.o(.bss)
    motor1                                   0x20003504   Data          28  encoder.o(.bss)
    motor2                                   0x20003520   Data          28  encoder.o(.bss)
    __libspace_start                         0x2000353c   Data          96  libspace.o(.bss)
    __temporary_stack_top$libspace           0x2000359c   Data           0  libspace.o(.bss)



==============================================================================

Memory Map of the image

  Image Entry point : 0x080000ed

  Load Region LR_IROM1 (Base: 0x08000000, Size: 0x0000e3fc, Max: 0x00010000, ABSOLUTE, COMPRESSED[0x0000e2d0])

    Execution Region ER_IROM1 (Exec base: 0x08000000, Load base: 0x08000000, Size: 0x0000e2a0, Max: 0x00010000, ABSOLUTE)

    Exec Addr    Load Addr    Size         Type   Attr      Idx    E Section Name        Object

    0x08000000   0x08000000   0x000000ec   Data   RO            3    RESET               startup_stm32f103xb.o
    0x080000ec   0x080000ec   0x00000008   Code   RO         6571  * !!!main             c_w.l(__main.o)
    0x080000f4   0x080000f4   0x00000034   Code   RO         7044    !!!scatter          c_w.l(__scatter.o)
    0x08000128   0x08000128   0x0000005a   Code   RO         7042    !!dczerorl2         c_w.l(__dczerorl2.o)
    0x08000182   0x08000182   0x00000002   PAD
    0x08000184   0x08000184   0x0000001c   Code   RO         7046    !!handler_zi        c_w.l(__scatter_zi.o)
    0x080001a0   0x080001a0   0x00000000   Code   RO         6546    .ARM.Collect$$_printf_percent$$00000000  c_w.l(_printf_percent.o)
    0x080001a0   0x080001a0   0x00000006   Code   RO         6682    .ARM.Collect$$_printf_percent$$00000001  c_w.l(_printf_n.o)
    0x080001a6   0x080001a6   0x00000006   Code   RO         6683    .ARM.Collect$$_printf_percent$$00000002  c_w.l(_printf_p.o)
    0x080001ac   0x080001ac   0x00000006   Code   RO         6545    .ARM.Collect$$_printf_percent$$00000003  c_w.l(_printf_f.o)
    0x080001b2   0x080001b2   0x00000006   Code   RO         6686    .ARM.Collect$$_printf_percent$$00000004  c_w.l(_printf_e.o)
    0x080001b8   0x080001b8   0x00000006   Code   RO         6687    .ARM.Collect$$_printf_percent$$00000005  c_w.l(_printf_g.o)
    0x080001be   0x080001be   0x00000006   Code   RO         6688    .ARM.Collect$$_printf_percent$$00000006  c_w.l(_printf_a.o)
    0x080001c4   0x080001c4   0x0000000a   Code   RO         6693    .ARM.Collect$$_printf_percent$$00000007  c_w.l(_printf_ll.o)
    0x080001ce   0x080001ce   0x00000006   Code   RO         6685    .ARM.Collect$$_printf_percent$$00000008  c_w.l(_printf_i.o)
    0x080001d4   0x080001d4   0x00000006   Code   RO         6543    .ARM.Collect$$_printf_percent$$00000009  c_w.l(_printf_d.o)
    0x080001da   0x080001da   0x00000006   Code   RO         6544    .ARM.Collect$$_printf_percent$$0000000A  c_w.l(_printf_u.o)
    0x080001e0   0x080001e0   0x00000006   Code   RO         6684    .ARM.Collect$$_printf_percent$$0000000B  c_w.l(_printf_o.o)
    0x080001e6   0x080001e6   0x00000006   Code   RO         6542    .ARM.Collect$$_printf_percent$$0000000C  c_w.l(_printf_x.o)
    0x080001ec   0x080001ec   0x00000006   Code   RO         6690    .ARM.Collect$$_printf_percent$$0000000D  c_w.l(_printf_lli.o)
    0x080001f2   0x080001f2   0x00000006   Code   RO         6691    .ARM.Collect$$_printf_percent$$0000000E  c_w.l(_printf_lld.o)
    0x080001f8   0x080001f8   0x00000006   Code   RO         6692    .ARM.Collect$$_printf_percent$$0000000F  c_w.l(_printf_llu.o)
    0x080001fe   0x080001fe   0x00000006   Code   RO         6697    .ARM.Collect$$_printf_percent$$00000010  c_w.l(_printf_llo.o)
    0x08000204   0x08000204   0x00000006   Code   RO         6698    .ARM.Collect$$_printf_percent$$00000011  c_w.l(_printf_llx.o)
    0x0800020a   0x0800020a   0x0000000a   Code   RO         6694    .ARM.Collect$$_printf_percent$$00000012  c_w.l(_printf_l.o)
    0x08000214   0x08000214   0x00000006   Code   RO         6541    .ARM.Collect$$_printf_percent$$00000013  c_w.l(_printf_c.o)
    0x0800021a   0x0800021a   0x00000006   Code   RO         6681    .ARM.Collect$$_printf_percent$$00000014  c_w.l(_printf_s.o)
    0x08000220   0x08000220   0x00000006   Code   RO         6695    .ARM.Collect$$_printf_percent$$00000015  c_w.l(_printf_lc.o)
    0x08000226   0x08000226   0x00000006   Code   RO         6696    .ARM.Collect$$_printf_percent$$00000016  c_w.l(_printf_ls.o)
    0x0800022c   0x0800022c   0x00000004   Code   RO         6689    .ARM.Collect$$_printf_percent$$00000017  c_w.l(_printf_percent_end.o)
    0x08000230   0x08000230   0x00000002   Code   RO         6893    .ARM.Collect$$libinit$$00000000  c_w.l(libinit.o)
    0x08000232   0x08000232   0x00000000   Code   RO         6895    .ARM.Collect$$libinit$$00000002  c_w.l(libinit2.o)
    0x08000232   0x08000232   0x00000000   Code   RO         6897    .ARM.Collect$$libinit$$00000004  c_w.l(libinit2.o)
    0x08000232   0x08000232   0x00000000   Code   RO         6900    .ARM.Collect$$libinit$$0000000A  c_w.l(libinit2.o)
    0x08000232   0x08000232   0x00000000   Code   RO         6902    .ARM.Collect$$libinit$$0000000C  c_w.l(libinit2.o)
    0x08000232   0x08000232   0x00000000   Code   RO         6904    .ARM.Collect$$libinit$$0000000E  c_w.l(libinit2.o)
    0x08000232   0x08000232   0x00000006   Code   RO         6905    .ARM.Collect$$libinit$$0000000F  c_w.l(libinit2.o)
    0x08000238   0x08000238   0x00000000   Code   RO         6907    .ARM.Collect$$libinit$$00000011  c_w.l(libinit2.o)
    0x08000238   0x08000238   0x0000000c   Code   RO         6908    .ARM.Collect$$libinit$$00000012  c_w.l(libinit2.o)
    0x08000244   0x08000244   0x00000000   Code   RO         6909    .ARM.Collect$$libinit$$00000013  c_w.l(libinit2.o)
    0x08000244   0x08000244   0x00000000   Code   RO         6911    .ARM.Collect$$libinit$$00000015  c_w.l(libinit2.o)
    0x08000244   0x08000244   0x0000000a   Code   RO         6912    .ARM.Collect$$libinit$$00000016  c_w.l(libinit2.o)
    0x0800024e   0x0800024e   0x00000000   Code   RO         6913    .ARM.Collect$$libinit$$00000017  c_w.l(libinit2.o)
    0x0800024e   0x0800024e   0x00000000   Code   RO         6915    .ARM.Collect$$libinit$$00000019  c_w.l(libinit2.o)
    0x0800024e   0x0800024e   0x00000000   Code   RO         6917    .ARM.Collect$$libinit$$0000001B  c_w.l(libinit2.o)
    0x0800024e   0x0800024e   0x00000000   Code   RO         6919    .ARM.Collect$$libinit$$0000001D  c_w.l(libinit2.o)
    0x0800024e   0x0800024e   0x00000000   Code   RO         6921    .ARM.Collect$$libinit$$0000001F  c_w.l(libinit2.o)
    0x0800024e   0x0800024e   0x00000000   Code   RO         6923    .ARM.Collect$$libinit$$00000021  c_w.l(libinit2.o)
    0x0800024e   0x0800024e   0x00000000   Code   RO         6925    .ARM.Collect$$libinit$$00000023  c_w.l(libinit2.o)
    0x0800024e   0x0800024e   0x00000000   Code   RO         6927    .ARM.Collect$$libinit$$00000025  c_w.l(libinit2.o)
    0x0800024e   0x0800024e   0x00000000   Code   RO         6931    .ARM.Collect$$libinit$$0000002C  c_w.l(libinit2.o)
    0x0800024e   0x0800024e   0x00000000   Code   RO         6933    .ARM.Collect$$libinit$$0000002E  c_w.l(libinit2.o)
    0x0800024e   0x0800024e   0x00000000   Code   RO         6935    .ARM.Collect$$libinit$$00000030  c_w.l(libinit2.o)
    0x0800024e   0x0800024e   0x00000000   Code   RO         6937    .ARM.Collect$$libinit$$00000032  c_w.l(libinit2.o)
    0x0800024e   0x0800024e   0x00000002   Code   RO         6938    .ARM.Collect$$libinit$$00000033  c_w.l(libinit2.o)
    0x08000250   0x08000250   0x00000002   Code   RO         7003    .ARM.Collect$$libshutdown$$00000000  c_w.l(libshutdown.o)
    0x08000252   0x08000252   0x00000000   Code   RO         7009    .ARM.Collect$$libshutdown$$00000002  c_w.l(libshutdown2.o)
    0x08000252   0x08000252   0x00000000   Code   RO         7011    .ARM.Collect$$libshutdown$$00000004  c_w.l(libshutdown2.o)
    0x08000252   0x08000252   0x00000000   Code   RO         7013    .ARM.Collect$$libshutdown$$00000006  c_w.l(libshutdown2.o)
    0x08000252   0x08000252   0x00000000   Code   RO         7016    .ARM.Collect$$libshutdown$$00000009  c_w.l(libshutdown2.o)
    0x08000252   0x08000252   0x00000000   Code   RO         7019    .ARM.Collect$$libshutdown$$0000000C  c_w.l(libshutdown2.o)
    0x08000252   0x08000252   0x00000000   Code   RO         7021    .ARM.Collect$$libshutdown$$0000000E  c_w.l(libshutdown2.o)
    0x08000252   0x08000252   0x00000000   Code   RO         7024    .ARM.Collect$$libshutdown$$00000011  c_w.l(libshutdown2.o)
    0x08000252   0x08000252   0x00000002   Code   RO         7025    .ARM.Collect$$libshutdown$$00000012  c_w.l(libshutdown2.o)
    0x08000254   0x08000254   0x00000000   Code   RO         6649    .ARM.Collect$$rtentry$$00000000  c_w.l(__rtentry.o)
    0x08000254   0x08000254   0x00000000   Code   RO         6766    .ARM.Collect$$rtentry$$00000002  c_w.l(__rtentry2.o)
    0x08000254   0x08000254   0x00000006   Code   RO         6778    .ARM.Collect$$rtentry$$00000004  c_w.l(__rtentry4.o)
    0x0800025a   0x0800025a   0x00000000   Code   RO         6768    .ARM.Collect$$rtentry$$00000009  c_w.l(__rtentry2.o)
    0x0800025a   0x0800025a   0x00000004   Code   RO         6769    .ARM.Collect$$rtentry$$0000000A  c_w.l(__rtentry2.o)
    0x0800025e   0x0800025e   0x00000000   Code   RO         6771    .ARM.Collect$$rtentry$$0000000C  c_w.l(__rtentry2.o)
    0x0800025e   0x0800025e   0x00000008   Code   RO         6772    .ARM.Collect$$rtentry$$0000000D  c_w.l(__rtentry2.o)
    0x08000266   0x08000266   0x00000002   Code   RO         6947    .ARM.Collect$$rtexit$$00000000  c_w.l(rtexit.o)
    0x08000268   0x08000268   0x00000000   Code   RO         6975    .ARM.Collect$$rtexit$$00000002  c_w.l(rtexit2.o)
    0x08000268   0x08000268   0x00000004   Code   RO         6976    .ARM.Collect$$rtexit$$00000003  c_w.l(rtexit2.o)
    0x0800026c   0x0800026c   0x00000006   Code   RO         6977    .ARM.Collect$$rtexit$$00000004  c_w.l(rtexit2.o)
    0x08000272   0x08000272   0x00000002   PAD
    0x08000274   0x08000274   0x00000096   Code   RO         5576    .emb_text           port.o
    0x0800030a   0x0800030a   0x00000002   PAD
    0x0800030c   0x0800030c   0x00000040   Code   RO            4    .text               startup_stm32f103xb.o
    0x0800034c   0x0800034c   0x00000048   Code   RO         6480    .text               c_w.l(llsdiv.o)
    0x08000394   0x08000394   0x00000018   Code   RO         6482    .text               c_w.l(printf.o)
    0x080003ac   0x080003ac   0x00000018   Code   RO         6484    .text               c_w.l(__2printf.o)
    0x080003c4   0x080003c4   0x0000002c   Code   RO         6486    .text               c_w.l(__2sprintf.o)
    0x080003f0   0x080003f0   0x0000004e   Code   RO         6494    .text               c_w.l(_printf_pad.o)
    0x0800043e   0x0800043e   0x00000052   Code   RO         6496    .text               c_w.l(_printf_str.o)
    0x08000490   0x08000490   0x00000078   Code   RO         6498    .text               c_w.l(_printf_dec.o)
    0x08000508   0x08000508   0x00000094   Code   RO         6518    .text               c_w.l(_printf_hex_int_ll_ptr.o)
    0x0800059c   0x0800059c   0x00000188   Code   RO         6538    .text               c_w.l(__printf_flags_ss_wp.o)
    0x08000724   0x08000724   0x0000003c   Code   RO         6547    .text               c_w.l(__0sscanf.o)
    0x08000760   0x08000760   0x0000014c   Code   RO         6549    .text               c_w.l(_scanf_int.o)
    0x080008ac   0x080008ac   0x00000058   Code   RO         6551    .text               c_w.l(memcmp.o)
    0x08000904   0x08000904   0x0000008a   Code   RO         6557    .text               c_w.l(rt_memcpy_v6.o)
    0x0800098e   0x0800098e   0x00000064   Code   RO         6559    .text               c_w.l(rt_memcpy_w.o)
    0x080009f2   0x080009f2   0x00000010   Code   RO         6563    .text               c_w.l(aeabi_memset.o)
    0x08000a02   0x08000a02   0x00000044   Code   RO         6565    .text               c_w.l(rt_memclr.o)
    0x08000a46   0x08000a46   0x0000004e   Code   RO         6567    .text               c_w.l(rt_memclr_w.o)
    0x08000a94   0x08000a94   0x00000006   Code   RO         6569    .text               c_w.l(heapauxi.o)
    0x08000a9a   0x08000a9a   0x000000ee   Code   RO         6650    .text               c_w.l(lludivv7m.o)
    0x08000b88   0x08000b88   0x00000016   Code   RO         6652    .text               c_w.l(_rserrno.o)
    0x08000b9e   0x08000b9e   0x00000024   Code   RO         6654    .text               c_w.l(_printf_truncate.o)
    0x08000bc2   0x08000bc2   0x000000b2   Code   RO         6656    .text               c_w.l(_printf_intcommon.o)
    0x08000c74   0x08000c74   0x00000028   Code   RO         6658    .text               c_w.l(_printf_charcount.o)
    0x08000c9c   0x08000c9c   0x0000041e   Code   RO         6660    .text               c_w.l(_printf_fp_dec.o)
    0x080010ba   0x080010ba   0x00000002   PAD
    0x080010bc   0x080010bc   0x00000030   Code   RO         6662    .text               c_w.l(_printf_char_common.o)
    0x080010ec   0x080010ec   0x0000000a   Code   RO         6664    .text               c_w.l(_sputc.o)
    0x080010f6   0x080010f6   0x0000002c   Code   RO         6666    .text               c_w.l(_printf_char.o)
    0x08001122   0x08001122   0x00000002   PAD
    0x08001124   0x08001124   0x00000024   Code   RO         6668    .text               c_w.l(_printf_char_file.o)
    0x08001148   0x08001148   0x000000bc   Code   RO         6670    .text               c_w.l(_printf_wctomb.o)
    0x08001204   0x08001204   0x0000007c   Code   RO         6673    .text               c_w.l(_printf_longlong_dec.o)
    0x08001280   0x08001280   0x00000070   Code   RO         6679    .text               c_w.l(_printf_oct_int_ll.o)
    0x080012f0   0x080012f0   0x0000001c   Code   RO         6699    .text               c_w.l(_chval.o)
    0x0800130c   0x0800130c   0x000004f8   Code   RO         6701    .text               c_w.l(scanf_fp.o)
    0x08001804   0x08001804   0x0000002c   Code   RO         6703    .text               c_w.l(scanf_char.o)
    0x08001830   0x08001830   0x00000040   Code   RO         6705    .text               c_w.l(_sgetc.o)
    0x08001870   0x08001870   0x00000008   Code   RO         6787    .text               c_w.l(rt_locale_intlibspace.o)
    0x08001878   0x08001878   0x00000008   Code   RO         6792    .text               c_w.l(rt_errno_addr_intlibspace.o)
    0x08001880   0x08001880   0x0000008a   Code   RO         6794    .text               c_w.l(lludiv10.o)
    0x0800190a   0x0800190a   0x00000012   Code   RO         6796    .text               c_w.l(isspace.o)
    0x0800191c   0x0800191c   0x000002fc   Code   RO         6798    .text               c_w.l(_printf_fp_hex.o)
    0x08001c18   0x08001c18   0x00000080   Code   RO         6801    .text               c_w.l(_printf_fp_infnan.o)
    0x08001c98   0x08001c98   0x0000002c   Code   RO         6805    .text               c_w.l(_printf_wchar.o)
    0x08001cc4   0x08001cc4   0x00000374   Code   RO         6807    .text               c_w.l(_scanf.o)
    0x08002038   0x08002038   0x000000e4   Code   RO         6809    .text               c_w.l(bigflt0.o)
    0x0800211c   0x0800211c   0x00000008   Code   RO         6834    .text               c_w.l(ferror.o)
    0x08002124   0x08002124   0x00000040   Code   RO         6838    .text               c_w.l(_wcrtomb.o)
    0x08002164   0x08002164   0x00000008   Code   RO         6871    .text               c_w.l(libspace.o)
    0x0800216c   0x0800216c   0x0000004a   Code   RO         6874    .text               c_w.l(sys_stackheap_outer.o)
    0x080021b6   0x080021b6   0x00000002   PAD
    0x080021b8   0x080021b8   0x00000010   Code   RO         6876    .text               c_w.l(rt_ctype_table.o)
    0x080021c8   0x080021c8   0x00000320   Code   RO         6880    .text               c_w.l(scanf_hexfp.o)
    0x080024e8   0x080024e8   0x00000134   Code   RO         6882    .text               c_w.l(scanf_infnan.o)
    0x0800261c   0x0800261c   0x00000012   Code   RO         6884    .text               c_w.l(exit.o)
    0x0800262e   0x0800262e   0x00000002   PAD
    0x08002630   0x08002630   0x00000080   Code   RO         6886    .text               c_w.l(strcmpv7m.o)
    0x080026b0   0x080026b0   0x00000026   Code   RO         6949    .text               c_w.l(llshl.o)
    0x080026d6   0x080026d6   0x0000003e   Code   RO         6812    CL$$btod_d2e        c_w.l(btod.o)
    0x08002714   0x08002714   0x00000046   Code   RO         6814    CL$$btod_d2e_denorm_low  c_w.l(btod.o)
    0x0800275a   0x0800275a   0x00000060   Code   RO         6813    CL$$btod_d2e_norm_op1  c_w.l(btod.o)
    0x080027ba   0x080027ba   0x00000338   Code   RO         6822    CL$$btod_div_common  c_w.l(btod.o)
    0x08002af2   0x08002af2   0x00000002   PAD
    0x08002af4   0x08002af4   0x00000084   Code   RO         6820    CL$$btod_e2d        c_w.l(btod.o)
    0x08002b78   0x08002b78   0x000000dc   Code   RO         6819    CL$$btod_e2e        c_w.l(btod.o)
    0x08002c54   0x08002c54   0x0000002a   Code   RO         6816    CL$$btod_ediv       c_w.l(btod.o)
    0x08002c7e   0x08002c7e   0x0000002a   Code   RO         6818    CL$$btod_edivd      c_w.l(btod.o)
    0x08002ca8   0x08002ca8   0x0000002a   Code   RO         6815    CL$$btod_emul       c_w.l(btod.o)
    0x08002cd2   0x08002cd2   0x0000002a   Code   RO         6817    CL$$btod_emuld      c_w.l(btod.o)
    0x08002cfc   0x08002cfc   0x00000244   Code   RO         6821    CL$$btod_mult_common  c_w.l(btod.o)
    0x08002f40   0x08002f40   0x00000056   Code   RO          879    i.ADC_ConversionStop_Disable  stm32f1xx_hal_adc.o
    0x08002f96   0x08002f96   0x00000002   PAD
    0x08002f98   0x08002f98   0x0000007c   Code   RO          883    i.ADC_Enable        stm32f1xx_hal_adc.o
    0x08003014   0x08003014   0x00000002   Code   RO          713    i.BusFault_Handler  stm32f1xx_it.o
    0x08003016   0x08003016   0x00000002   PAD
    0x08003018   0x08003018   0x0000000c   Code   RO          714    i.DMA1_Channel4_IRQHandler  stm32f1xx_it.o
    0x08003024   0x08003024   0x00000020   Code   RO         5656    i.DMP_Read_Len      mpu6050.o
    0x08003044   0x08003044   0x00000020   Code   RO         5657    i.DMP_Write_Len     mpu6050.o
    0x08003064   0x08003064   0x00000002   Code   RO          715    i.DebugMon_Handler  stm32f1xx_it.o
    0x08003066   0x08003066   0x00000004   Code   RO           13    i.Error_Handler     main.o
    0x0800306a   0x0800306a   0x00000002   PAD
    0x0800306c   0x0800306c   0x000000fc   Code   RO          885    i.HAL_ADC_ConfigChannel  stm32f1xx_hal_adc.o
    0x08003168   0x08003168   0x00000006   Code   RO          892    i.HAL_ADC_GetValue  stm32f1xx_hal_adc.o
    0x0800316e   0x0800316e   0x00000002   PAD
    0x08003170   0x08003170   0x0000011c   Code   RO          894    i.HAL_ADC_Init      stm32f1xx_hal_adc.o
    0x0800328c   0x0800328c   0x00000058   Code   RO          403    i.HAL_ADC_MspInit   adc.o
    0x080032e4   0x080032e4   0x0000013c   Code   RO          898    i.HAL_ADC_PollForConversion  stm32f1xx_hal_adc.o
    0x08003420   0x08003420   0x000000c0   Code   RO          900    i.HAL_ADC_Start     stm32f1xx_hal_adc.o
    0x080034e0   0x080034e0   0x00000046   Code   RO         1536    i.HAL_DMA_Abort     stm32f1xx_hal_dma.o
    0x08003526   0x08003526   0x00000002   PAD
    0x08003528   0x08003528   0x00000098   Code   RO         1537    i.HAL_DMA_Abort_IT  stm32f1xx_hal_dma.o
    0x080035c0   0x080035c0   0x00000154   Code   RO         1541    i.HAL_DMA_IRQHandler  stm32f1xx_hal_dma.o
    0x08003714   0x08003714   0x0000005c   Code   RO         1542    i.HAL_DMA_Init      stm32f1xx_hal_dma.o
    0x08003770   0x08003770   0x00000024   Code   RO         1162    i.HAL_Delay         stm32f1xx_hal.o
    0x08003794   0x08003794   0x000001e0   Code   RO         1472    i.HAL_GPIO_Init     stm32f1xx_hal_gpio.o
    0x08003974   0x08003974   0x0000000a   Code   RO         1476    i.HAL_GPIO_WritePin  stm32f1xx_hal_gpio.o
    0x0800397e   0x0800397e   0x00000002   PAD
    0x08003980   0x08003980   0x0000000c   Code   RO         1166    i.HAL_GetTick       stm32f1xx_hal.o
    0x0800398c   0x0800398c   0x00000188   Code   RO         2143    i.HAL_I2C_Init      stm32f1xx_hal_i2c.o
    0x08003b14   0x08003b14   0x00000250   Code   RO         2161    i.HAL_I2C_Mem_Read  stm32f1xx_hal_i2c.o
    0x08003d64   0x08003d64   0x00000130   Code   RO         2164    i.HAL_I2C_Mem_Write  stm32f1xx_hal_i2c.o
    0x08003e94   0x08003e94   0x00000070   Code   RO          469    i.HAL_I2C_MspInit   i2c.o
    0x08003f04   0x08003f04   0x00000010   Code   RO         1172    i.HAL_IncTick       stm32f1xx_hal.o
    0x08003f14   0x08003f14   0x00000024   Code   RO         1173    i.HAL_Init          stm32f1xx_hal.o
    0x08003f38   0x08003f38   0x00000040   Code   RO         1174    i.HAL_InitTick      stm32f1xx_hal.o
    0x08003f78   0x08003f78   0x00000048   Code   RO          819    i.HAL_MspInit       stm32f1xx_hal_msp.o
    0x08003fc0   0x08003fc0   0x0000001a   Code   RO         1632    i.HAL_NVIC_EnableIRQ  stm32f1xx_hal_cortex.o
    0x08003fda   0x08003fda   0x00000002   PAD
    0x08003fdc   0x08003fdc   0x00000040   Code   RO         1638    i.HAL_NVIC_SetPriority  stm32f1xx_hal_cortex.o
    0x0800401c   0x0800401c   0x00000024   Code   RO         1639    i.HAL_NVIC_SetPriorityGrouping  stm32f1xx_hal_cortex.o
    0x08004040   0x08004040   0x000000a4   Code   RO         1433    i.HAL_RCCEx_GetPeriphCLKFreq  stm32f1xx_hal_rcc_ex.o
    0x080040e4   0x080040e4   0x000000ec   Code   RO         1434    i.HAL_RCCEx_PeriphCLKConfig  stm32f1xx_hal_rcc_ex.o
    0x080041d0   0x080041d0   0x0000012c   Code   RO         1330    i.HAL_RCC_ClockConfig  stm32f1xx_hal_rcc.o
    0x080042fc   0x080042fc   0x00000020   Code   RO         1337    i.HAL_RCC_GetPCLK1Freq  stm32f1xx_hal_rcc.o
    0x0800431c   0x0800431c   0x00000020   Code   RO         1338    i.HAL_RCC_GetPCLK2Freq  stm32f1xx_hal_rcc.o
    0x0800433c   0x0800433c   0x0000004c   Code   RO         1339    i.HAL_RCC_GetSysClockFreq  stm32f1xx_hal_rcc.o
    0x08004388   0x08004388   0x00000320   Code   RO         1342    i.HAL_RCC_OscConfig  stm32f1xx_hal_rcc.o
    0x080046a8   0x080046a8   0x000000b2   Code   RO         2580    i.HAL_SPI_Init      stm32f1xx_hal_spi.o
    0x0800475a   0x0800475a   0x00000002   PAD
    0x0800475c   0x0800475c   0x00000070   Code   RO          511    i.HAL_SPI_MspInit   spi.o
    0x080047cc   0x080047cc   0x0000016e   Code   RO         2588    i.HAL_SPI_Transmit  stm32f1xx_hal_spi.o
    0x0800493a   0x0800493a   0x00000028   Code   RO         1643    i.HAL_SYSTICK_Config  stm32f1xx_hal_cortex.o
    0x08004962   0x08004962   0x00000002   Code   RO         3597    i.HAL_TIMEx_BreakCallback  stm32f1xx_hal_tim_ex.o
    0x08004964   0x08004964   0x00000002   Code   RO         3598    i.HAL_TIMEx_CommutCallback  stm32f1xx_hal_tim_ex.o
    0x08004966   0x08004966   0x00000002   PAD
    0x08004968   0x08004968   0x00000068   Code   RO         3616    i.HAL_TIMEx_MasterConfigSynchronization  stm32f1xx_hal_tim_ex.o
    0x080049d0   0x080049d0   0x0000005a   Code   RO         2893    i.HAL_TIM_Base_Init  stm32f1xx_hal_tim.o
    0x08004a2a   0x08004a2a   0x00000002   PAD
    0x08004a2c   0x08004a2c   0x00000060   Code   RO          553    i.HAL_TIM_Base_MspInit  tim.o
    0x08004a8c   0x08004a8c   0x00000058   Code   RO         2898    i.HAL_TIM_Base_Start_IT  stm32f1xx_hal_tim.o
    0x08004ae4   0x08004ae4   0x000000dc   Code   RO         2902    i.HAL_TIM_ConfigClockSource  stm32f1xx_hal_tim.o
    0x08004bc0   0x08004bc0   0x000000a4   Code   RO         2914    i.HAL_TIM_Encoder_Init  stm32f1xx_hal_tim.o
    0x08004c64   0x08004c64   0x000000c0   Code   RO          555    i.HAL_TIM_Encoder_MspInit  tim.o
    0x08004d24   0x08004d24   0x0000008e   Code   RO         2917    i.HAL_TIM_Encoder_Start  stm32f1xx_hal_tim.o
    0x08004db2   0x08004db2   0x00000002   Code   RO         2927    i.HAL_TIM_IC_CaptureCallback  stm32f1xx_hal_tim.o
    0x08004db4   0x08004db4   0x00000166   Code   RO         2941    i.HAL_TIM_IRQHandler  stm32f1xx_hal_tim.o
    0x08004f1a   0x08004f1a   0x00000002   PAD
    0x08004f1c   0x08004f1c   0x00000084   Code   RO          556    i.HAL_TIM_MspPostInit  tim.o
    0x08004fa0   0x08004fa0   0x00000002   Code   RO         2944    i.HAL_TIM_OC_DelayElapsedCallback  stm32f1xx_hal_tim.o
    0x08004fa2   0x08004fa2   0x000000cc   Code   RO         2965    i.HAL_TIM_PWM_ConfigChannel  stm32f1xx_hal_tim.o
    0x0800506e   0x0800506e   0x0000005a   Code   RO         2968    i.HAL_TIM_PWM_Init  stm32f1xx_hal_tim.o
    0x080050c8   0x080050c8   0x00000002   Code   RO         2970    i.HAL_TIM_PWM_MspInit  stm32f1xx_hal_tim.o
    0x080050ca   0x080050ca   0x00000002   Code   RO         2971    i.HAL_TIM_PWM_PulseFinishedCallback  stm32f1xx_hal_tim.o
    0x080050cc   0x080050cc   0x0000009c   Code   RO         2973    i.HAL_TIM_PWM_Start  stm32f1xx_hal_tim.o
    0x08005168   0x08005168   0x000001b8   Code   RO          716    i.HAL_TIM_PeriodElapsedCallback  stm32f1xx_it.o
    0x08005320   0x08005320   0x00000002   Code   RO         2984    i.HAL_TIM_TriggerCallback  stm32f1xx_hal_tim.o
    0x08005322   0x08005322   0x00000002   Code   RO         3876    i.HAL_UARTEx_RxEventCallback  stm32f1xx_hal_uart.o
    0x08005324   0x08005324   0x00000002   Code   RO         3890    i.HAL_UART_ErrorCallback  stm32f1xx_hal_uart.o
    0x08005326   0x08005326   0x00000002   PAD
    0x08005328   0x08005328   0x0000026c   Code   RO         3893    i.HAL_UART_IRQHandler  stm32f1xx_hal_uart.o
    0x08005594   0x08005594   0x00000064   Code   RO         3894    i.HAL_UART_Init     stm32f1xx_hal_uart.o
    0x080055f8   0x080055f8   0x000000b4   Code   RO          631    i.HAL_UART_MspInit  usart.o
    0x080056ac   0x080056ac   0x0000001c   Code   RO         3899    i.HAL_UART_Receive_IT  stm32f1xx_hal_uart.o
    0x080056c8   0x080056c8   0x0000005c   Code   RO           14    i.HAL_UART_RxCpltCallback  main.o
    0x08005724   0x08005724   0x00000018   Code   RO          632    i.HAL_UART_TxCpltCallback  usart.o
    0x0800573c   0x0800573c   0x00000002   Code   RO          717    i.HardFault_Handler  stm32f1xx_it.o
    0x0800573e   0x0800573e   0x0000002e   Code   RO         2186    i.I2C_IsAcknowledgeFailed  stm32f1xx_hal_i2c.o
    0x0800576c   0x0800576c   0x000000fc   Code   RO         2196    i.I2C_RequestMemoryRead  stm32f1xx_hal_i2c.o
    0x08005868   0x08005868   0x000000a8   Code   RO         2197    i.I2C_RequestMemoryWrite  stm32f1xx_hal_i2c.o
    0x08005910   0x08005910   0x00000056   Code   RO         2201    i.I2C_WaitOnBTFFlagUntilTimeout  stm32f1xx_hal_i2c.o
    0x08005966   0x08005966   0x00000002   PAD
    0x08005968   0x08005968   0x00000090   Code   RO         2202    i.I2C_WaitOnFlagUntilTimeout  stm32f1xx_hal_i2c.o
    0x080059f8   0x080059f8   0x000000bc   Code   RO         2203    i.I2C_WaitOnMasterAddressFlagUntilTimeout  stm32f1xx_hal_i2c.o
    0x08005ab4   0x08005ab4   0x00000070   Code   RO         2204    i.I2C_WaitOnRXNEFlagUntilTimeout  stm32f1xx_hal_i2c.o
    0x08005b24   0x08005b24   0x00000056   Code   RO         2205    i.I2C_WaitOnTXEFlagUntilTimeout  stm32f1xx_hal_i2c.o
    0x08005b7a   0x08005b7a   0x00000002   PAD
    0x08005b7c   0x08005b7c   0x00000088   Code   RO          260    i.MOTOR1            freertos.o
    0x08005c04   0x08005c04   0x00000084   Code   RO          261    i.MOTOR2            freertos.o
    0x08005c88   0x08005c88   0x00000062   Code   RO         5658    i.MPU_Get_Accelerometer  mpu6050.o
    0x08005cea   0x08005cea   0x00000002   PAD
    0x08005cec   0x08005cec   0x0000007c   Code   RO         5659    i.MPU_Get_Gyroscope  mpu6050.o
    0x08005d68   0x08005d68   0x0000008c   Code   RO         5661    i.MPU_Init          mpu6050.o
    0x08005df4   0x08005df4   0x0000002c   Code   RO         5662    i.MPU_Read_Byte     mpu6050.o
    0x08005e20   0x08005e20   0x00000040   Code   RO         5663    i.MPU_Read_Len      mpu6050.o
    0x08005e60   0x08005e60   0x0000000a   Code   RO         5664    i.MPU_Set_Accel_Fsr  mpu6050.o
    0x08005e6a   0x08005e6a   0x0000000a   Code   RO         5665    i.MPU_Set_Gyro_Fsr  mpu6050.o
    0x08005e74   0x08005e74   0x00000030   Code   RO         5666    i.MPU_Set_LPF       mpu6050.o
    0x08005ea4   0x08005ea4   0x0000002e   Code   RO         5667    i.MPU_Set_Rate      mpu6050.o
    0x08005ed2   0x08005ed2   0x00000002   PAD
    0x08005ed4   0x08005ed4   0x0000005c   Code   RO         5668    i.MPU_Write_Byte    mpu6050.o
    0x08005f30   0x08005f30   0x00000050   Code   RO          404    i.MX_ADC1_Init      adc.o
    0x08005f80   0x08005f80   0x0000002c   Code   RO          444    i.MX_DMA_Init       dma.o
    0x08005fac   0x08005fac   0x00000094   Code   RO          262    i.MX_FREERTOS_Init  freertos.o
    0x08006040   0x08006040   0x00000098   Code   RO          232    i.MX_GPIO_Init      gpio.o
    0x080060d8   0x080060d8   0x00000040   Code   RO          470    i.MX_I2C1_Init      i2c.o
    0x08006118   0x08006118   0x00000048   Code   RO          512    i.MX_SPI1_Init      spi.o
    0x08006160   0x08006160   0x00000068   Code   RO          557    i.MX_TIM1_Init      tim.o
    0x080061c8   0x080061c8   0x000000a8   Code   RO          558    i.MX_TIM2_Init      tim.o
    0x08006270   0x08006270   0x0000006c   Code   RO          559    i.MX_TIM3_Init      tim.o
    0x080062dc   0x080062dc   0x0000006c   Code   RO          560    i.MX_TIM4_Init      tim.o
    0x08006348   0x08006348   0x00000038   Code   RO          633    i.MX_USART1_UART_Init  usart.o
    0x08006380   0x08006380   0x00000002   Code   RO          718    i.MemManage_Handler  stm32f1xx_it.o
    0x08006382   0x08006382   0x00000002   PAD
    0x08006384   0x08006384   0x00000080   Code   RO          263    i.Motor_Control     freertos.o
    0x08006404   0x08006404   0x000000a8   Code   RO         6440    i.Motor_Init        encoder.o
    0x080064ac   0x080064ac   0x00000002   Code   RO          719    i.NMI_Handler       stm32f1xx_it.o
    0x080064ae   0x080064ae   0x00000002   PAD
    0x080064b0   0x080064b0   0x0000002c   Code   RO         6276    i.OLED_Clear        oled.o
    0x080064dc   0x080064dc   0x00000020   Code   RO         6277    i.OLED_ClearPoint   oled.o
    0x080064fc   0x080064fc   0x0000001c   Code   RO         6285    i.OLED_DrawPoint    oled.o
    0x08006518   0x08006518   0x0000010c   Code   RO         6287    i.OLED_Init         oled.o
    0x08006624   0x08006624   0x0000004c   Code   RO         6290    i.OLED_Refresh      oled.o
    0x08006670   0x08006670   0x000000a8   Code   RO         6292    i.OLED_ShowChar     oled.o
    0x08006718   0x08006718   0x00000040   Code   RO         6296    i.OLED_ShowString   oled.o
    0x08006758   0x08006758   0x00000050   Code   RO         6298    i.OLED_WR_Byte      oled.o
    0x080067a8   0x080067a8   0x000001b8   Code   RO          264    i.OledTask          freertos.o
    0x08006960   0x08006960   0x00000068   Code   RO          265    i.PID_Speed_1       freertos.o
    0x080069c8   0x080069c8   0x00000068   Code   RO          266    i.PID_Speed_2       freertos.o
    0x08006a30   0x08006a30   0x00000020   Code   RO         2618    i.SPI_EndRxTxTransaction  stm32f1xx_hal_spi.o
    0x08006a50   0x08006a50   0x000000b8   Code   RO         2623    i.SPI_WaitFlagStateUntilTimeout  stm32f1xx_hal_spi.o
    0x08006b08   0x08006b08   0x0000003c   Code   RO         6441    i.Speed_Low_Filter  encoder.o
    0x08006b44   0x08006b44   0x00000188   Code   RO          267    i.StartDefaultTask  freertos.o
    0x08006ccc   0x08006ccc   0x00000134   Code   RO          268    i.StartTask02       freertos.o
    0x08006e00   0x08006e00   0x00000018   Code   RO          720    i.SysTick_Handler   stm32f1xx_it.o
    0x08006e18   0x08006e18   0x00000078   Code   RO           15    i.SystemClock_Config  main.o
    0x08006e90   0x08006e90   0x00000002   Code   RO         4228    i.SystemInit        system_stm32f1xx.o
    0x08006e92   0x08006e92   0x00000002   PAD
    0x08006e94   0x08006e94   0x0000000c   Code   RO          721    i.TIM1_UP_IRQHandler  stm32f1xx_it.o
    0x08006ea0   0x08006ea0   0x0000000c   Code   RO          722    i.TIM2_IRQHandler   stm32f1xx_it.o
    0x08006eac   0x08006eac   0x0000000c   Code   RO          723    i.TIM3_IRQHandler   stm32f1xx_it.o
    0x08006eb8   0x08006eb8   0x0000000c   Code   RO          724    i.TIM4_IRQHandler   stm32f1xx_it.o
    0x08006ec4   0x08006ec4   0x0000006c   Code   RO         2986    i.TIM_Base_SetConfig  stm32f1xx_hal_tim.o
    0x08006f30   0x08006f30   0x0000001a   Code   RO         2987    i.TIM_CCxChannelCmd  stm32f1xx_hal_tim.o
    0x08006f4a   0x08006f4a   0x00000014   Code   RO         2997    i.TIM_ETR_SetConfig  stm32f1xx_hal_tim.o
    0x08006f5e   0x08006f5e   0x00000010   Code   RO         2998    i.TIM_ITRx_SetConfig  stm32f1xx_hal_tim.o
    0x08006f6e   0x08006f6e   0x00000002   PAD
    0x08006f70   0x08006f70   0x00000050   Code   RO         2999    i.TIM_OC1_SetConfig  stm32f1xx_hal_tim.o
    0x08006fc0   0x08006fc0   0x00000058   Code   RO         3000    i.TIM_OC2_SetConfig  stm32f1xx_hal_tim.o
    0x08007018   0x08007018   0x00000058   Code   RO         3001    i.TIM_OC3_SetConfig  stm32f1xx_hal_tim.o
    0x08007070   0x08007070   0x00000044   Code   RO         3002    i.TIM_OC4_SetConfig  stm32f1xx_hal_tim.o
    0x080070b4   0x080070b4   0x00000022   Code   RO         3004    i.TIM_TI1_ConfigInputStage  stm32f1xx_hal_tim.o
    0x080070d6   0x080070d6   0x00000024   Code   RO         3006    i.TIM_TI2_ConfigInputStage  stm32f1xx_hal_tim.o
    0x080070fa   0x080070fa   0x00000010   Code   RO         3907    i.UART_DMAAbortOnError  stm32f1xx_hal_uart.o
    0x0800710a   0x0800710a   0x0000004e   Code   RO         3917    i.UART_EndRxTransfer  stm32f1xx_hal_uart.o
    0x08007158   0x08007158   0x000000c2   Code   RO         3919    i.UART_Receive_IT   stm32f1xx_hal_uart.o
    0x0800721a   0x0800721a   0x00000002   PAD
    0x0800721c   0x0800721c   0x000000b8   Code   RO         3920    i.UART_SetConfig    stm32f1xx_hal_uart.o
    0x080072d4   0x080072d4   0x00000036   Code   RO         3922    i.UART_Start_Receive_IT  stm32f1xx_hal_uart.o
    0x0800730a   0x0800730a   0x00000002   PAD
    0x0800730c   0x0800730c   0x0000000c   Code   RO          725    i.USART1_IRQHandler  stm32f1xx_it.o
    0x08007318   0x08007318   0x00000002   Code   RO          726    i.UsageFault_Handler  stm32f1xx_it.o
    0x0800731a   0x0800731a   0x00000028   Code   RO         6752    i.__ARM_fpclassify  m_ws.l(fpclassify.o)
    0x08007342   0x08007342   0x00000020   Code   RO         1645    i.__NVIC_SetPriority  stm32f1xx_hal_cortex.o
    0x08007362   0x08007362   0x000000aa   Code   RO         6754    i.__kernel_poly     m_ws.l(poly.o)
    0x0800740c   0x0800740c   0x00000006   Code   RO         6739    i.__mathlib_dbl_infnan  m_ws.l(dunder.o)
    0x08007412   0x08007412   0x00000004   Code   RO         6740    i.__mathlib_dbl_infnan2  m_ws.l(dunder.o)
    0x08007416   0x08007416   0x0000000c   Code   RO         6741    i.__mathlib_dbl_invalid  m_ws.l(dunder.o)
    0x08007422   0x08007422   0x0000000e   Code   RO         6742    i.__mathlib_dbl_overflow  m_ws.l(dunder.o)
    0x08007430   0x08007430   0x00000010   Code   RO         6744    i.__mathlib_dbl_underflow  m_ws.l(dunder.o)
    0x08007440   0x08007440   0x00000010   Code   RO         6865    i.__mathlib_narrow  m_ws.l(narrow.o)
    0x08007450   0x08007450   0x000000bc   Code   RO         6866    i.__mathlib_tofloat  m_ws.l(narrow.o)
    0x0800750c   0x0800750c   0x00000016   Code   RO         6963    i.__support_ldexp   m_ws.l(ldexp.o)
    0x08007522   0x08007522   0x0000000e   Code   RO         6531    i._is_digit         c_w.l(__printf_wp.o)
    0x08007530   0x08007530   0x00000002   Code   RO          636    i._sys_exit         usart.o
    0x08007532   0x08007532   0x00000002   PAD
    0x08007534   0x08007534   0x00000270   Code   RO         6632    i.asin              m_ws.l(asin.o)
    0x080077a4   0x080077a4   0x00000220   Code   RO         6729    i.atan              m_ws.l(atan.o)
    0x080079c4   0x080079c4   0x0000019c   Code   RO         6642    i.atan2             m_ws.l(atan2.o)
    0x08007b60   0x08007b60   0x0000012c   Code   RO          269    i.calculateMotorSpeeds  freertos.o
    0x08007c8c   0x08007c8c   0x0000003a   Code   RO         6091    i.dmp_enable_6x_lp_quat  inv_mpu_dmp_motion_driver.o
    0x08007cc6   0x08007cc6   0x00000002   PAD
    0x08007cc8   0x08007cc8   0x000001d8   Code   RO         6092    i.dmp_enable_feature  inv_mpu_dmp_motion_driver.o
    0x08007ea0   0x08007ea0   0x0000003c   Code   RO         6093    i.dmp_enable_gyro_cal  inv_mpu_dmp_motion_driver.o
    0x08007edc   0x08007edc   0x0000003a   Code   RO         6094    i.dmp_enable_lp_quat  inv_mpu_dmp_motion_driver.o
    0x08007f16   0x08007f16   0x00000002   PAD
    0x08007f18   0x08007f18   0x00000014   Code   RO         6099    i.dmp_load_motion_driver_firmware  inv_mpu_dmp_motion_driver.o
    0x08007f2c   0x08007f2c   0x00000164   Code   RO         6100    i.dmp_read_fifo     inv_mpu_dmp_motion_driver.o
    0x08008090   0x08008090   0x000000d8   Code   RO         6103    i.dmp_set_accel_bias  inv_mpu_dmp_motion_driver.o
    0x08008168   0x08008168   0x00000064   Code   RO         6104    i.dmp_set_fifo_rate  inv_mpu_dmp_motion_driver.o
    0x080081cc   0x080081cc   0x000000cc   Code   RO         6105    i.dmp_set_gyro_bias  inv_mpu_dmp_motion_driver.o
    0x08008298   0x08008298   0x0000010c   Code   RO         6107    i.dmp_set_orientation  inv_mpu_dmp_motion_driver.o
    0x080083a4   0x080083a4   0x00000030   Code   RO         6110    i.dmp_set_shake_reject_thresh  inv_mpu_dmp_motion_driver.o
    0x080083d4   0x080083d4   0x00000020   Code   RO         6111    i.dmp_set_shake_reject_time  inv_mpu_dmp_motion_driver.o
    0x080083f4   0x080083f4   0x00000020   Code   RO         6112    i.dmp_set_shake_reject_timeout  inv_mpu_dmp_motion_driver.o
    0x08008414   0x08008414   0x00000040   Code   RO         6113    i.dmp_set_tap_axes  inv_mpu_dmp_motion_driver.o
    0x08008454   0x08008454   0x00000022   Code   RO         6114    i.dmp_set_tap_count  inv_mpu_dmp_motion_driver.o
    0x08008476   0x08008476   0x00000002   PAD
    0x08008478   0x08008478   0x00000128   Code   RO         6115    i.dmp_set_tap_thresh  inv_mpu_dmp_motion_driver.o
    0x080085a0   0x080085a0   0x00000020   Code   RO         6116    i.dmp_set_tap_time  inv_mpu_dmp_motion_driver.o
    0x080085c0   0x080085c0   0x00000020   Code   RO         6117    i.dmp_set_tap_time_multi  inv_mpu_dmp_motion_driver.o
    0x080085e0   0x080085e0   0x00000018   Code   RO          638    i.fputc             usart.o
    0x080085f8   0x080085f8   0x00000058   Code   RO         6944    i.frexp             m_ws.l(frexp.o)
    0x08008650   0x08008650   0x00000314   Code   RO         5759    i.get_st_biases     inv_mpu.o
    0x08008964   0x08008964   0x00000022   Code   RO         5760    i.inv_orientation_matrix_to_scalar  inv_mpu.o
    0x08008986   0x08008986   0x00000048   Code   RO         5761    i.inv_row_2_scale   inv_mpu.o
    0x080089ce   0x080089ce   0x00000074   Code   RO         6964    i.ldexp             m_ws.l(ldexp.o)
    0x08008a42   0x08008a42   0x00000002   PAD
    0x08008a44   0x08008a44   0x000000a8   Code   RO           16    i.main              main.o
    0x08008aec   0x08008aec   0x0000000c   Code   RO         5148    i.makeFreeRtosPriority  cmsis_os.o
    0x08008af8   0x08008af8   0x00000002   Code   RO         5762    i.mget_ms           inv_mpu.o
    0x08008afa   0x08008afa   0x00000002   PAD
    0x08008afc   0x08008afc   0x00000054   Code   RO         5763    i.mpu_configure_fifo  inv_mpu.o
    0x08008b50   0x08008b50   0x0000019c   Code   RO         5764    i.mpu_dmp_get_data  inv_mpu.o
    0x08008cec   0x08008cec   0x000000fc   Code   RO         5765    i.mpu_dmp_init      inv_mpu.o
    0x08008de8   0x08008de8   0x0000003c   Code   RO         5766    i.mpu_get_accel_fsr  inv_mpu.o
    0x08008e24   0x08008e24   0x00000044   Code   RO         5768    i.mpu_get_accel_sens  inv_mpu.o
    0x08008e68   0x08008e68   0x00000034   Code   RO         5774    i.mpu_get_gyro_fsr  inv_mpu.o
    0x08008e9c   0x08008e9c   0x00000040   Code   RO         5776    i.mpu_get_gyro_sens  inv_mpu.o
    0x08008edc   0x08008edc   0x00000038   Code   RO         5778    i.mpu_get_lpf       inv_mpu.o
    0x08008f14   0x08008f14   0x0000001c   Code   RO         5780    i.mpu_get_sample_rate  inv_mpu.o
    0x08008f30   0x08008f30   0x000000e8   Code   RO         5782    i.mpu_init          inv_mpu.o
    0x08009018   0x08009018   0x000000f4   Code   RO         5783    i.mpu_load_firmware  inv_mpu.o
    0x0800910c   0x0800910c   0x000000b8   Code   RO         5784    i.mpu_lp_accel_mode  inv_mpu.o
    0x080091c4   0x080091c4   0x00000090   Code   RO         5787    i.mpu_read_fifo_stream  inv_mpu.o
    0x08009254   0x08009254   0x00000054   Code   RO         5788    i.mpu_read_mem      inv_mpu.o
    0x080092a8   0x080092a8   0x00000160   Code   RO         5791    i.mpu_reset_fifo    inv_mpu.o
    0x08009408   0x08009408   0x0000009c   Code   RO         5792    i.mpu_run_self_test  inv_mpu.o
    0x080094a4   0x080094a4   0x00000068   Code   RO         5794    i.mpu_set_accel_fsr  inv_mpu.o
    0x0800950c   0x0800950c   0x000000dc   Code   RO         5795    i.mpu_set_bypass    inv_mpu.o
    0x080095e8   0x080095e8   0x00000078   Code   RO         5797    i.mpu_set_dmp_state  inv_mpu.o
    0x08009660   0x08009660   0x0000006c   Code   RO         5798    i.mpu_set_gyro_fsr  inv_mpu.o
    0x080096cc   0x080096cc   0x00000064   Code   RO         5799    i.mpu_set_int_latched  inv_mpu.o
    0x08009730   0x08009730   0x0000006c   Code   RO         5801    i.mpu_set_lpf       inv_mpu.o
    0x0800979c   0x0800979c   0x00000080   Code   RO         5802    i.mpu_set_sample_rate  inv_mpu.o
    0x0800981c   0x0800981c   0x000000b8   Code   RO         5803    i.mpu_set_sensors   inv_mpu.o
    0x080098d4   0x080098d4   0x00000054   Code   RO         5804    i.mpu_write_mem     inv_mpu.o
    0x08009928   0x08009928   0x00000010   Code   RO         5150    i.osDelay           cmsis_os.o
    0x08009938   0x08009938   0x0000000a   Code   RO         5153    i.osKernelStart     cmsis_os.o
    0x08009942   0x08009942   0x0000005c   Code   RO         5187    i.osThreadCreate    cmsis_os.o
    0x0800999e   0x0800999e   0x00000002   PAD
    0x080099a0   0x080099a0   0x00000078   Code   RO         4780    i.prvAddCurrentTaskToDelayedList  tasks.o
    0x08009a18   0x08009a18   0x0000008c   Code   RO         4781    i.prvAddNewTaskToReadyList  tasks.o
    0x08009aa4   0x08009aa4   0x00000040   Code   RO         4782    i.prvCheckTasksWaitingTermination  tasks.o
    0x08009ae4   0x08009ae4   0x00000040   Code   RO         4783    i.prvDeleteTCB      tasks.o
    0x08009b24   0x08009b24   0x00000050   Code   RO         5515    i.prvHeapInit       heap_4.o
    0x08009b74   0x08009b74   0x00000028   Code   RO         4784    i.prvIdleTask       tasks.o
    0x08009b9c   0x08009b9c   0x0000008c   Code   RO         4785    i.prvInitialiseNewTask  tasks.o
    0x08009c28   0x08009c28   0x00000060   Code   RO         4786    i.prvInitialiseTaskLists  tasks.o
    0x08009c88   0x08009c88   0x0000005c   Code   RO         5516    i.prvInsertBlockIntoFreeList  heap_4.o
    0x08009ce4   0x08009ce4   0x00000024   Code   RO         4788    i.prvResetNextTaskUnblockTime  tasks.o
    0x08009d08   0x08009d08   0x00000030   Code   RO         5577    i.prvTaskExitError  port.o
    0x08009d38   0x08009d38   0x000000e4   Code   RO         5517    i.pvPortMalloc      heap_4.o
    0x08009e1c   0x08009e1c   0x00000024   Code   RO         5578    i.pxPortInitialiseStack  port.o
    0x08009e40   0x08009e40   0x00000080   Code   RO         5805    i.run_self_test     inv_mpu.o
    0x08009ec0   0x08009ec0   0x00000058   Code   RO         5806    i.set_int_enable    inv_mpu.o
    0x08009f18   0x08009f18   0x0000004c   Code   RO         6758    i.sqrt              m_ws.l(sqrt.o)
    0x08009f64   0x08009f64   0x00000078   Code   RO          272    i.usart_ros         freertos.o
    0x08009fdc   0x08009fdc   0x00000026   Code   RO         4378    i.uxListRemove      list.o
    0x0800a002   0x0800a002   0x00000002   PAD
    0x0800a004   0x0800a004   0x00000014   Code   RO          273    i.vApplicationGetIdleTaskMemory  freertos.o
    0x0800a018   0x0800a018   0x00000016   Code   RO         4379    i.vListInitialise   list.o
    0x0800a02e   0x0800a02e   0x00000006   Code   RO         4380    i.vListInitialiseItem  list.o
    0x0800a034   0x0800a034   0x00000036   Code   RO         4381    i.vListInsert       list.o
    0x0800a06a   0x0800a06a   0x00000018   Code   RO         4382    i.vListInsertEnd    list.o
    0x0800a082   0x0800a082   0x00000002   PAD
    0x0800a084   0x0800a084   0x00000040   Code   RO         5580    i.vPortEnterCritical  port.o
    0x0800a0c4   0x0800a0c4   0x0000002c   Code   RO         5581    i.vPortExitCritical  port.o
    0x0800a0f0   0x0800a0f0   0x0000005c   Code   RO         5518    i.vPortFree         heap_4.o
    0x0800a14c   0x0800a14c   0x00000024   Code   RO         5582    i.vPortSetupTimerInterrupt  port.o
    0x0800a170   0x0800a170   0x00000050   Code   RO         4800    i.vTaskDelay        tasks.o
    0x0800a1c0   0x0800a1c0   0x00000088   Code   RO         4816    i.vTaskStartScheduler  tasks.o
    0x0800a248   0x0800a248   0x00000010   Code   RO         4818    i.vTaskSuspendAll   tasks.o
    0x0800a258   0x0800a258   0x00000060   Code   RO         4819    i.vTaskSwitchContext  tasks.o
    0x0800a2b8   0x0800a2b8   0x000000b4   Code   RO         5584    i.xPortStartScheduler  port.o
    0x0800a36c   0x0800a36c   0x0000002c   Code   RO         5585    i.xPortSysTickHandler  port.o
    0x0800a398   0x0800a398   0x0000006c   Code   RO         4821    i.xTaskCreate       tasks.o
    0x0800a404   0x0800a404   0x00000060   Code   RO         4822    i.xTaskCreateStatic  tasks.o
    0x0800a464   0x0800a464   0x0000001c   Code   RO         4826    i.xTaskGetSchedulerState  tasks.o
    0x0800a480   0x0800a480   0x000000d0   Code   RO         4829    i.xTaskIncrementTick  tasks.o
    0x0800a550   0x0800a550   0x000000cc   Code   RO         4835    i.xTaskResumeAll    tasks.o
    0x0800a61c   0x0800a61c   0x0000002c   Code   RO         6841    locale$$code        c_w.l(lc_numeric_c.o)
    0x0800a648   0x0800a648   0x0000002c   Code   RO         6952    locale$$code        c_w.l(lc_ctype_c.o)
    0x0800a674   0x0800a674   0x00000062   Code   RO         6573    x$fpl$d2f           fz_ws.l(d2f.o)
    0x0800a6d6   0x0800a6d6   0x00000002   PAD
    0x0800a6d8   0x0800a6d8   0x00000150   Code   RO         6575    x$fpl$dadd          fz_ws.l(daddsub_clz.o)
    0x0800a828   0x0800a828   0x00000010   Code   RO         6843    x$fpl$dcheck1       fz_ws.l(dcheck1.o)
    0x0800a838   0x0800a838   0x00000018   Code   RO         6845    x$fpl$dcmpinf       fz_ws.l(dcmpi.o)
    0x0800a850   0x0800a850   0x000002b0   Code   RO         6582    x$fpl$ddiv          fz_ws.l(ddiv.o)
    0x0800ab00   0x0800ab00   0x00000078   Code   RO         6707    x$fpl$deqf          fz_ws.l(deqf.o)
    0x0800ab78   0x0800ab78   0x0000005e   Code   RO         6585    x$fpl$dfix          fz_ws.l(dfix.o)
    0x0800abd6   0x0800abd6   0x0000002e   Code   RO         6590    x$fpl$dflt          fz_ws.l(dflt_clz.o)
    0x0800ac04   0x0800ac04   0x00000026   Code   RO         6589    x$fpl$dfltu         fz_ws.l(dflt_clz.o)
    0x0800ac2a   0x0800ac2a   0x00000002   PAD
    0x0800ac2c   0x0800ac2c   0x00000078   Code   RO         6847    x$fpl$dleqf         fz_ws.l(dleqf.o)
    0x0800aca4   0x0800aca4   0x00000154   Code   RO         6595    x$fpl$dmul          fz_ws.l(dmul.o)
    0x0800adf8   0x0800adf8   0x0000009c   Code   RO         6709    x$fpl$dnaninf       fz_ws.l(dnaninf.o)
    0x0800ae94   0x0800ae94   0x0000000c   Code   RO         6711    x$fpl$dretinf       fz_ws.l(dretinf.o)
    0x0800aea0   0x0800aea0   0x0000006c   Code   RO         6939    x$fpl$drleqf        fz_ws.l(drleqf.o)
    0x0800af0c   0x0800af0c   0x00000016   Code   RO         6576    x$fpl$drsb          fz_ws.l(daddsub_clz.o)
    0x0800af22   0x0800af22   0x00000002   PAD
    0x0800af24   0x0800af24   0x000001cc   Code   RO         6849    x$fpl$dsqrt         fz_ws.l(dsqrt_noumaal.o)
    0x0800b0f0   0x0800b0f0   0x000001d4   Code   RO         6577    x$fpl$dsub          fz_ws.l(daddsub_clz.o)
    0x0800b2c4   0x0800b2c4   0x00000056   Code   RO         6597    x$fpl$f2d           fz_ws.l(f2d.o)
    0x0800b31a   0x0800b31a   0x00000002   PAD
    0x0800b31c   0x0800b31c   0x000000c4   Code   RO         6599    x$fpl$fadd          fz_ws.l(faddsub_clz.o)
    0x0800b3e0   0x0800b3e0   0x0000000c   Code   RO         6713    x$fpl$fcheck1       fz_ws.l(fcheck1.o)
    0x0800b3ec   0x0800b3ec   0x00000184   Code   RO         6606    x$fpl$fdiv          fz_ws.l(fdiv.o)
    0x0800b570   0x0800b570   0x00000036   Code   RO         6609    x$fpl$ffix          fz_ws.l(ffix.o)
    0x0800b5a6   0x0800b5a6   0x00000002   PAD
    0x0800b5a8   0x0800b5a8   0x0000003e   Code   RO         6613    x$fpl$ffixu         fz_ws.l(ffixu.o)
    0x0800b5e6   0x0800b5e6   0x00000002   PAD
    0x0800b5e8   0x0800b5e8   0x00000030   Code   RO         6618    x$fpl$fflt          fz_ws.l(fflt_clz.o)
    0x0800b618   0x0800b618   0x00000026   Code   RO         6617    x$fpl$ffltu         fz_ws.l(fflt_clz.o)
    0x0800b63e   0x0800b63e   0x00000002   PAD
    0x0800b640   0x0800b640   0x00000102   Code   RO         6623    x$fpl$fmul          fz_ws.l(fmul.o)
    0x0800b742   0x0800b742   0x0000008c   Code   RO         6715    x$fpl$fnaninf       fz_ws.l(fnaninf.o)
    0x0800b7ce   0x0800b7ce   0x0000000a   Code   RO         6717    x$fpl$fretinf       fz_ws.l(fretinf.o)
    0x0800b7d8   0x0800b7d8   0x00000014   Code   RO         6600    x$fpl$frsb          fz_ws.l(faddsub_clz.o)
    0x0800b7ec   0x0800b7ec   0x000000ea   Code   RO         6601    x$fpl$fsub          fz_ws.l(faddsub_clz.o)
    0x0800b8d6   0x0800b8d6   0x00000006   Code   RO         6855    x$fpl$ieeestatus    fz_ws.l(istatus.o)
    0x0800b8dc   0x0800b8dc   0x00000004   Code   RO         6625    x$fpl$printf1       fz_ws.l(printf1.o)
    0x0800b8e0   0x0800b8e0   0x00000004   Code   RO         6719    x$fpl$printf2       fz_ws.l(printf2.o)
    0x0800b8e4   0x0800b8e4   0x00000064   Code   RO         6857    x$fpl$retnan        fz_ws.l(retnan.o)
    0x0800b948   0x0800b948   0x0000005c   Code   RO         6725    x$fpl$scalbn        fz_ws.l(scalbn.o)
    0x0800b9a4   0x0800b9a4   0x0000004c   Code   RO         6627    x$fpl$scalbnf       fz_ws.l(scalbnf.o)
    0x0800b9f0   0x0800b9f0   0x00000004   Code   RO         6629    x$fpl$scanf1        fz_ws.l(scanf1.o)
    0x0800b9f4   0x0800b9f4   0x00000008   Code   RO         6859    x$fpl$scanf2        fz_ws.l(scanf2.o)
    0x0800b9fc   0x0800b9fc   0x00000030   Code   RO         6941    x$fpl$trapveneer    fz_ws.l(trapv.o)
    0x0800ba2c   0x0800ba2c   0x00000000   Code   RO         6727    x$fpl$usenofp       fz_ws.l(usenofp.o)
    0x0800ba2c   0x0800ba2c   0x000000a8   Data   RO          276    .constdata          freertos.o
    0x0800bad4   0x0800bad4   0x00000012   Data   RO         1343    .constdata          stm32f1xx_hal_rcc.o
    0x0800bae6   0x0800bae6   0x00000012   Data   RO         1435    .constdata          stm32f1xx_hal_rcc_ex.o
    0x0800baf8   0x0800baf8   0x00000010   Data   RO         4229    .constdata          system_stm32f1xx.o
    0x0800bb08   0x0800bb08   0x00000008   Data   RO         4230    .constdata          system_stm32f1xx.o
    0x0800bb10   0x0800bb10   0x0000001e   Data   RO         5808    .constdata          inv_mpu.o
    0x0800bb2e   0x0800bb2e   0x0000000c   Data   RO         5809    .constdata          inv_mpu.o
    0x0800bb3a   0x0800bb3a   0x00000002   PAD
    0x0800bb3c   0x0800bb3c   0x00000028   Data   RO         5810    .constdata          inv_mpu.o
    0x0800bb64   0x0800bb64   0x00000bf6   Data   RO         6119    .constdata          inv_mpu_dmp_motion_driver.o
    0x0800c75a   0x0800c75a   0x000017c0   Data   RO         6300    .constdata          oled.o
    0x0800df1a   0x0800df1a   0x00000028   Data   RO         6519    .constdata          c_w.l(_printf_hex_int_ll_ptr.o)
    0x0800df42   0x0800df42   0x00000011   Data   RO         6539    .constdata          c_w.l(__printf_flags_ss_wp.o)
    0x0800df53   0x0800df53   0x00000005   PAD
    0x0800df58   0x0800df58   0x00000050   Data   RO         6633    .constdata          m_ws.l(asin.o)
    0x0800dfa8   0x0800dfa8   0x00000008   Data   RO         6671    .constdata          c_w.l(_printf_wctomb.o)
    0x0800dfb0   0x0800dfb0   0x00000098   Data   RO         6730    .constdata          m_ws.l(atan.o)
    0x0800e048   0x0800e048   0x00000008   Data   RO         6756    .constdata          m_ws.l(qnan.o)
    0x0800e050   0x0800e050   0x00000026   Data   RO         6799    .constdata          c_w.l(_printf_fp_hex.o)
    0x0800e076   0x0800e076   0x00000002   PAD
    0x0800e078   0x0800e078   0x00000094   Data   RO         6810    .constdata          c_w.l(bigflt0.o)
    0x0800e10c   0x0800e10c   0x00000036   Data   RO          277    .conststring        freertos.o
    0x0800e142   0x0800e142   0x00000002   PAD
    0x0800e144   0x0800e144   0x00000020   Data   RO         7040    Region$$Table       anon$$obj.o
    0x0800e164   0x0800e164   0x00000008   Data   RO         6851    c$$dinf             fz_ws.l(fpconst.o)
    0x0800e16c   0x0800e16c   0x00000008   Data   RO         6854    c$$dmax             fz_ws.l(fpconst.o)
    0x0800e174   0x0800e174   0x0000001c   Data   RO         6840    locale$$data        c_w.l(lc_numeric_c.o)
    0x0800e190   0x0800e190   0x00000110   Data   RO         6951    locale$$data        c_w.l(lc_ctype_c.o)


    Execution Region RW_IRAM1 (Exec base: 0x20000000, Load base: 0x0800e2a0, Size: 0x00003ba0, Max: 0x00005000, ABSOLUTE, COMPRESSED[0x00000030])

    Exec Addr    Load Addr    Size         Type   Attr      Idx    E Section Name        Object

    0x20000000   COMPRESSED   0x00000004   Data   RW           18    .data               main.o
    0x20000004   COMPRESSED   0x00000001   Data   RW           19    .data               main.o
    0x20000005   COMPRESSED   0x00000003   PAD
    0x20000008   COMPRESSED   0x000000a8   Data   RW          278    .data               freertos.o
    0x200000b0   COMPRESSED   0x00000004   Data   RW          640    .data               usart.o
    0x200000b4   COMPRESSED   0x0000000c   Data   RW         1180    .data               stm32f1xx_hal.o
    0x200000c0   COMPRESSED   0x00000004   Data   RW         4231    .data               system_stm32f1xx.o
    0x200000c4   COMPRESSED   0x0000003c   Data   RW         4838    .data               tasks.o
    0x20000100   COMPRESSED   0x00000018   Data   RW         5523    .data               heap_4.o
    0x20000118   COMPRESSED   0x0000000c   Data   RW         5586    .data               port.o
    0x20000124   COMPRESSED   0x00000035   Data   RW         5811    .data               inv_mpu.o
    0x20000159   COMPRESSED   0x00000001   Data   RW         6445    .data               encoder.o
    0x2000015a   COMPRESSED   0x00000002   PAD
    0x2000015c        -       0x00000064   Zero   RW           17    .bss                main.o
    0x200001c0        -       0x0000029c   Zero   RW          274    .bss                freertos.o
    0x2000045c        -       0x00000030   Zero   RW          405    .bss                adc.o
    0x2000048c        -       0x00000054   Zero   RW          471    .bss                i2c.o
    0x200004e0        -       0x00000058   Zero   RW          513    .bss                spi.o
    0x20000538        -       0x00000120   Zero   RW          561    .bss                tim.o
    0x20000658        -       0x0000008c   Zero   RW          639    .bss                usart.o
    0x200006e4        -       0x000000f0   Zero   RW         4837    .bss                tasks.o
    0x200007d4        -       0x00002800   Zero   RW         5522    .bss                heap_4.o
    0x20002fd4        -       0x00000010   Zero   RW         6118    .bss                inv_mpu_dmp_motion_driver.o
    0x20002fe4        -       0x00000480   Zero   RW         6299    .bss                oled.o
    0x20003464        -       0x00000050   Zero   RW         6442    .bss                encoder.o
    0x200034b4        -       0x00000050   Zero   RW         6443    .bss                encoder.o
    0x20003504        -       0x00000038   Zero   RW         6444    .bss                encoder.o
    0x2000353c        -       0x00000060   Zero   RW         6872    .bss                c_w.l(libspace.o)
    0x2000359c   COMPRESSED   0x00000004   PAD
    0x200035a0        -       0x00000200   Zero   RW            2    HEAP                startup_stm32f103xb.o
    0x200037a0        -       0x00000400   Zero   RW            1    STACK               startup_stm32f103xb.o


==============================================================================

Image component sizes


      Code (inc. data)   RO Data    RW Data    ZI Data      Debug   Object Name

       168         22          0          0         48       1509   adc.o
       130          0          0          0          0      21875   cmsis_os.o
        44          4          0          0          0        690   dma.o
       228         24          0          1        216       3096   encoder.o
         0          0          0          0          0      18096   event_groups.o
      2332        366        222        168        668      11758   freertos.o
       152         12          0          0          0        831   gpio.o
       492         32          0         24      10240       7147   heap_4.o
       176         30          0          0         84       1525   i2c.o
      4740        266         82         53          0      26418   inv_mpu.o
      2382        118       3062          0         16      18862   inv_mpu_dmp_motion_driver.o
       144          0          0          0          0       3226   list.o
       384         30          0          5        100     488682   main.o
       740         92          0          0          0       7190   mpu6050.o
       760         48       6080          0       1152       5920   oled.o
       602         62          0         12          0       9992   port.o
       184         24          0          0         88       1513   spi.o
        64         26        236          0       1536        776   startup_stm32f103xb.o
       164         28          0         12          0       5633   stm32f1xx_hal.o
      1260         54          0          0          0       6256   stm32f1xx_hal_adc.o
       198         14          0          0          0      28731   stm32f1xx_hal_cortex.o
       654         36          0          0          0       3219   stm32f1xx_hal_dma.o
       490         34          0          0          0       2784   stm32f1xx_hal_gpio.o
      2370         56          0          0          0      12566   stm32f1xx_hal_i2c.o
        72         10          0          0          0        802   stm32f1xx_hal_msp.o
      1240         84         18          0          0       4908   stm32f1xx_hal_rcc.o
       400         28         18          0          0       2369   stm32f1xx_hal_rcc_ex.o
       760          4          0          0          0       4210   stm32f1xx_hal_spi.o
      2086         58          0          0          0      17081   stm32f1xx_hal_tim.o
       108         12          0          0          0       2265   stm32f1xx_hal_tim_ex.o
      1278         10          0          0          0       7946   stm32f1xx_hal_uart.o
       548         76          0          0          0       6537   stm32f1xx_it.o
         0          0          0          0          0        388   stream_buffer.o
         2          0         24          4          0       1011   system_stm32f1xx.o
      1672        146          0         60        240      17294   tasks.o
       908         82          0          0        288       4849   tim.o
       286         44          0          4        140       4271   usart.o

    ----------------------------------------------------------------------
     28280       1932       9778        348      14816     762226   Object Totals
         0          0         32          0          0          0   (incl. Generated)
        62          0          4          5          0          0   (incl. Padding)

    ----------------------------------------------------------------------

      Code (inc. data)   RO Data    RW Data    ZI Data      Debug   Library Member Name

        60          8          0          0          0         84   __0sscanf.o
        24          4          0          0          0         84   __2printf.o
        44          6          0          0          0         84   __2sprintf.o
        90          0          0          0          0          0   __dczerorl2.o
         8          0          0          0          0         68   __main.o
       392          4         17          0          0         92   __printf_flags_ss_wp.o
        14          0          0          0          0         68   __printf_wp.o
         0          0          0          0          0          0   __rtentry.o
        12          0          0          0          0          0   __rtentry2.o
         6          0          0          0          0          0   __rtentry4.o
        52          8          0          0          0          0   __scatter.o
        28          0          0          0          0          0   __scatter_zi.o
        28          0          0          0          0         68   _chval.o
         6          0          0          0          0          0   _printf_a.o
         6          0          0          0          0          0   _printf_c.o
        44          0          0          0          0        108   _printf_char.o
        48          6          0          0          0         96   _printf_char_common.o
        36          4          0          0          0         80   _printf_char_file.o
        40          0          0          0          0         68   _printf_charcount.o
         6          0          0          0          0          0   _printf_d.o
       120         16          0          0          0         92   _printf_dec.o
         6          0          0          0          0          0   _printf_e.o
         6          0          0          0          0          0   _printf_f.o
      1054          0          0          0          0        216   _printf_fp_dec.o
       764          8         38          0          0        100   _printf_fp_hex.o
       128         16          0          0          0         84   _printf_fp_infnan.o
         6          0          0          0          0          0   _printf_g.o
       148          4         40          0          0        160   _printf_hex_int_ll_ptr.o
         6          0          0          0          0          0   _printf_i.o
       178          0          0          0          0         88   _printf_intcommon.o
        10          0          0          0          0          0   _printf_l.o
         6          0          0          0          0          0   _printf_lc.o
        10          0          0          0          0          0   _printf_ll.o
         6          0          0          0          0          0   _printf_lld.o
         6          0          0          0          0          0   _printf_lli.o
         6          0          0          0          0          0   _printf_llo.o
         6          0          0          0          0          0   _printf_llu.o
         6          0          0          0          0          0   _printf_llx.o
       124         16          0          0          0         92   _printf_longlong_dec.o
         6          0          0          0          0          0   _printf_ls.o
         6          0          0          0          0          0   _printf_n.o
         6          0          0          0          0          0   _printf_o.o
       112         10          0          0          0        124   _printf_oct_int_ll.o
         6          0          0          0          0          0   _printf_p.o
        78          0          0          0          0        108   _printf_pad.o
         0          0          0          0          0          0   _printf_percent.o
         4          0          0          0          0          0   _printf_percent_end.o
         6          0          0          0          0          0   _printf_s.o
        82          0          0          0          0         80   _printf_str.o
        36          0          0          0          0         84   _printf_truncate.o
         6          0          0          0          0          0   _printf_u.o
        44          0          0          0          0        108   _printf_wchar.o
       188          6          8          0          0         92   _printf_wctomb.o
         6          0          0          0          0          0   _printf_x.o
        22          0          0          0          0        100   _rserrno.o
       884          4          0          0          0        100   _scanf.o
       332          0          0          0          0         96   _scanf_int.o
        64          0          0          0          0         84   _sgetc.o
        10          0          0          0          0         68   _sputc.o
        64          0          0          0          0         92   _wcrtomb.o
        16          0          0          0          0         68   aeabi_memset.o
       228          4        148          0          0         96   bigflt0.o
      2152        136          0          0          0        960   btod.o
        18          0          0          0          0         80   exit.o
         8          0          0          0          0         68   ferror.o
         6          0          0          0          0        152   heapauxi.o
        18          0          0          0          0         76   isspace.o
        44         10        272          0          0         76   lc_ctype_c.o
        44         10         28          0          0         76   lc_numeric_c.o
         2          0          0          0          0          0   libinit.o
        30          0          0          0          0          0   libinit2.o
         2          0          0          0          0          0   libshutdown.o
         2          0          0          0          0          0   libshutdown2.o
         8          4          0          0         96         68   libspace.o
        72          0          0          0          0         76   llsdiv.o
        38          0          0          0          0         68   llshl.o
       138          0          0          0          0         80   lludiv10.o
       238          0          0          0          0        100   lludivv7m.o
        88          0          0          0          0         76   memcmp.o
        24          4          0          0          0         84   printf.o
        16          4          0          0          0         76   rt_ctype_table.o
         8          4          0          0          0         68   rt_errno_addr_intlibspace.o
         8          4          0          0          0         68   rt_locale_intlibspace.o
        68          0          0          0          0         68   rt_memclr.o
        78          0          0          0          0         80   rt_memclr_w.o
       138          0          0          0          0         68   rt_memcpy_v6.o
       100          0          0          0          0         80   rt_memcpy_w.o
         2          0          0          0          0          0   rtexit.o
        10          0          0          0          0          0   rtexit2.o
        44          8          0          0          0         84   scanf_char.o
      1272         16          0          0          0        168   scanf_fp.o
       800         14          0          0          0        100   scanf_hexfp.o
       308         16          0          0          0        100   scanf_infnan.o
       128          0          0          0          0         68   strcmpv7m.o
        74          0          0          0          0         80   sys_stackheap_outer.o
        98          4          0          0          0         92   d2f.o
       826         16          0          0          0        348   daddsub_clz.o
        16          4          0          0          0         68   dcheck1.o
        24          0          0          0          0         68   dcmpi.o
       688        140          0          0          0        208   ddiv.o
       120          4          0          0          0         92   deqf.o
        94          4          0          0          0         92   dfix.o
        84          0          0          0          0        136   dflt_clz.o
       120          4          0          0          0         92   dleqf.o
       340         12          0          0          0        104   dmul.o
       156          4          0          0          0         92   dnaninf.o
        12          0          0          0          0         68   dretinf.o
       108          0          0          0          0         80   drleqf.o
       460         56          0          0          0        120   dsqrt_noumaal.o
        86          4          0          0          0         84   f2d.o
       450          8          0          0          0        236   faddsub_clz.o
        12          4          0          0          0         68   fcheck1.o
       388         76          0          0          0         96   fdiv.o
        54          4          0          0          0         84   ffix.o
        62          4          0          0          0         84   ffixu.o
        86          0          0          0          0        136   fflt_clz.o
       258          4          0          0          0         84   fmul.o
       140          4          0          0          0         84   fnaninf.o
         0          0         16          0          0          0   fpconst.o
        10          0          0          0          0         68   fretinf.o
         6          0          0          0          0         68   istatus.o
         4          0          0          0          0         68   printf1.o
         4          0          0          0          0         68   printf2.o
       100          0          0          0          0         68   retnan.o
        92          0          0          0          0         68   scalbn.o
        76          0          0          0          0         68   scalbnf.o
         4          0          0          0          0         68   scanf1.o
         8          0          0          0          0         84   scanf2.o
        48          0          0          0          0         68   trapv.o
         0          0          0          0          0          0   usenofp.o
       624         52         80          0          0        168   asin.o
       544         70        152          0          0        124   atan.o
       412         38          0          0          0        144   atan2.o
        52          6          0          0          0        340   dunder.o
        40          0          0          0          0         68   fpclassify.o
        88          8          0          0          0         76   frexp.o
       138          0          0          0          0        160   ldexp.o
       204          4          0          0          0        168   narrow.o
       170          0          0          0          0         96   poly.o
         0          0          8          0          0          0   qnan.o
        76          0          0          0          0         84   sqrt.o

    ----------------------------------------------------------------------
     19144        890        814          0        100      10920   Library Totals
        30          2          7          0          4          0   (incl. Padding)

    ----------------------------------------------------------------------

      Code (inc. data)   RO Data    RW Data    ZI Data      Debug   Library Name

     11732        354        551          0         96       6180   c_w.l
      5034        356         16          0          0       3312   fz_ws.l
      2348        178        240          0          0       1428   m_ws.l

    ----------------------------------------------------------------------
     19144        890        814          0        100      10920   Library Totals

    ----------------------------------------------------------------------

==============================================================================


      Code (inc. data)   RO Data    RW Data    ZI Data      Debug   

     47424       2822      10592        348      14916     754578   Grand Totals
     47424       2822      10592         48      14916     754578   ELF Image Totals (compressed)
     47424       2822      10592         48          0          0   ROM Totals

==============================================================================

    Total RO  Size (Code + RO Data)                58016 (  56.66kB)
    Total RW  Size (RW Data + ZI Data)             15264 (  14.91kB)
    Total ROM Size (Code + RO Data + RW Data)      58064 (  56.70kB)

==============================================================================

